<html>
<body>
<pre>
<h1>µVision Build Log</h1>
<h2>Tool Versions:</h2>
IDE-Version: ¦ÌVision V5.21.1.0
Copyright (C) 2016 ARM Ltd and ARM Germany GmbH. All rights reserved.
License Information: 1111 1111, 1111, LIC=CZLZX-HNZYH-QD4KD-85V7K-BUKX6-834QJ
 
Tool Versions:
Toolchain:       MDK-ARM Plus  Version: 5.21a
Toolchain Path:  D:\mdk\ARM\ARMCC\Bin
C Compiler:      Armcc.exe V5.06 update 3 (build 300)
Assembler:       Armasm.exe V5.06 update 3 (build 300)
Linker/Locator:  ArmLink.exe V5.06 update 3 (build 300)
Library Manager: ArmAr.exe V5.06 update 3 (build 300)
Hex Converter:   FromElf.exe V5.06 update 3 (build 300)
CPU DLL:         SARMCM3.DLL V5.21a
Dialog DLL:      DCM.DLL V1.13.8.0
Target DLL:      STLink\ST-LINKIII-KEIL_SWO.dll V2.0.18.0
Dialog DLL:      TCM.DLL V1.14.14.0
 
<h2>Project:</h2>
D:\PROJECT\freertos\freertos.uvprojx
Project File Date:  04/26/2024

<h2>Output:</h2>
*** Using Compiler 'V5.06 update 3 (build 300)', folder: 'D:\mdk\ARM\ARMCC\Bin'
Rebuild target 'Target 1'
assembling startup_stm32f10x_hd.s...
compiling core_cm3.c...
compiling usart.c...
compiling timer.c...
HARDWARE\TIMER\timer.c(82): warning:  #223-D: function "printf" declared implicitly
  		printf("TIM3 ?ä³?.......\r\n"); 
HARDWARE\TIMER\timer.c(92): warning:  #223-D: function "printf" declared implicitly
  		printf("TIM5 ?ä³?.......\r\n"); 
HARDWARE\TIMER\timer.c: 2 warnings, 0 errors
compiling delay.c...
compiling system_stm32f10x.c...
compiling stm32f10x_it.c...
compiling led.c...
compiling frtos.c...
USER\frtos.c(112): warning:  #223-D: function "delay_xms" declared implicitly
  			delay_xms(50000);						//??Ê± 5s (4)
USER\frtos.c: 1 warning, 0 errors
compiling main.c...
compiling sys.c...
compiling stm32f10x_usart.c...
compiling misc.c...
compiling stm32f10x_gpio.c...
compiling stm32f10x_rcc.c...
compiling croutine.c...
compiling event_groups.c...
compiling list.c...
compiling stm32f10x_tim.c...
compiling lcd.c...
compiling queue.c...
compiling timers.c...
compiling tasks.c...
compiling gki_log.c...
USER\GKI\LOG\src\gki_log.c(9): warning:  #223-D: function "printf" declared implicitly
      printf("just test");
USER\GKI\LOG\src\gki_log.c: 1 warning, 0 errors
compiling heap_4.c...
compiling port.c...
linking...
Program Size: Code=27228 RO-data=376 RW-data=188 ZI-data=23172  
FromELF: creating hex file...
".\OBJ\freertos.axf" - 0 Error(s), 4 Warning(s).

<h2>Collection of Component include folders:</h2>
  D:\PROJECT\freertos\RTE
  D:\mdk\ARM\PACK\Keil\STM32F1xx_DFP\2.2.0\Device\Include

<h2>Collection of Component Files used:</h2>
Build Time Elapsed:  00:00:01
</pre>
</body>
</html>
