Component: ARM Compiler 5.06 update 3 (build 300) Tool: armlink [4d35c9]

==============================================================================

Section Cross References

    main.o(i.main) refers to frtos.o(i.enter_main) for enter_main
    system_stm32f10x.o(i.SetSysClock) refers to system_stm32f10x.o(i.SetSysClockTo72) for SetSysClockTo72
    system_stm32f10x.o(i.SystemCoreClockUpdate) refers to system_stm32f10x.o(.data) for SystemCoreClock
    system_stm32f10x.o(i.SystemInit) refers to system_stm32f10x.o(i.SetSysClock) for SetSysClock
    frtos.o(i.TIM3_Int_Init) refers to stm32f10x_rcc.o(i.RCC_APB1PeriphClockCmd) for RCC_APB1PeriphClockCmd
    frtos.o(i.TIM3_Int_Init) refers to stm32f10x_tim.o(i.TIM_TimeBaseInit) for TIM_TimeBaseInit
    frtos.o(i.TIM3_Int_Init) refers to stm32f10x_tim.o(i.TIM_ITConfig) for TIM_ITConfig
    frtos.o(i.TIM3_Int_Init) refers to misc.o(i.NVIC_Init) for NVIC_Init
    frtos.o(i.TIM3_Int_Init) refers to stm32f10x_tim.o(i.TIM_Cmd) for TIM_Cmd
    frtos.o(i.TIM5_Int_Init) refers to stm32f10x_rcc.o(i.RCC_APB1PeriphClockCmd) for RCC_APB1PeriphClockCmd
    frtos.o(i.TIM5_Int_Init) refers to stm32f10x_tim.o(i.TIM_TimeBaseInit) for TIM_TimeBaseInit
    frtos.o(i.TIM5_Int_Init) refers to stm32f10x_tim.o(i.TIM_ITConfig) for TIM_ITConfig
    frtos.o(i.TIM5_Int_Init) refers to misc.o(i.NVIC_Init) for NVIC_Init
    frtos.o(i.TIM5_Int_Init) refers to stm32f10x_tim.o(i.TIM_Cmd) for TIM_Cmd
    frtos.o(i.enter_main) refers to misc.o(i.NVIC_PriorityGroupConfig) for NVIC_PriorityGroupConfig
    frtos.o(i.enter_main) refers to delay.o(i.delay_init) for delay_init
    frtos.o(i.enter_main) refers to usart.o(i.uart_init) for uart_init
    frtos.o(i.enter_main) refers to led.o(i.LED_Init) for LED_Init
    frtos.o(i.enter_main) refers to gki_log.o(i.log_print) for log_print
    frtos.o(i.enter_main) refers to frtos.o(i.TIM3_Int_Init) for TIM3_Int_Init
    frtos.o(i.enter_main) refers to frtos.o(i.TIM5_Int_Init) for TIM5_Int_Init
    frtos.o(i.enter_main) refers to tasks.o(i.xTaskCreate) for xTaskCreate
    frtos.o(i.enter_main) refers to tasks.o(i.vTaskStartScheduler) for vTaskStartScheduler
    frtos.o(i.enter_main) refers to frtos.o(.data) for StartTask_Handler
    frtos.o(i.enter_main) refers to frtos.o(i.start_task) for start_task
    frtos.o(i.interrupt_task) refers to noretval__2printf.o(.text) for __2printf
    frtos.o(i.interrupt_task) refers to delay.o(i.delay_xms) for delay_xms
    frtos.o(i.interrupt_task) refers to tasks.o(i.vTaskDelay) for vTaskDelay
    frtos.o(i.interrupt_task) refers to frtos.o(.data) for total_num
    frtos.o(i.led0_task) refers to tasks.o(i.vTaskDelay) for vTaskDelay
    frtos.o(i.led1_task) refers to tasks.o(i.vTaskDelay) for vTaskDelay
    frtos.o(i.start_task) refers to port.o(i.vPortEnterCritical) for vPortEnterCritical
    frtos.o(i.start_task) refers to tasks.o(i.xTaskCreate) for xTaskCreate
    frtos.o(i.start_task) refers to tasks.o(i.vTaskDelete) for vTaskDelete
    frtos.o(i.start_task) refers to port.o(i.vPortExitCritical) for vPortExitCritical
    frtos.o(i.start_task) refers to frtos.o(.data) for INTERRUPTTask_Handler
    frtos.o(i.start_task) refers to frtos.o(i.interrupt_task) for interrupt_task
    startup_stm32f10x_hd.o(STACK) refers (Special) to heapauxi.o(.text) for __use_two_region_memory
    startup_stm32f10x_hd.o(HEAP) refers (Special) to heapauxi.o(.text) for __use_two_region_memory
    startup_stm32f10x_hd.o(RESET) refers (Special) to heapauxi.o(.text) for __use_two_region_memory
    startup_stm32f10x_hd.o(RESET) refers to startup_stm32f10x_hd.o(STACK) for __initial_sp
    startup_stm32f10x_hd.o(RESET) refers to startup_stm32f10x_hd.o(.text) for Reset_Handler
    startup_stm32f10x_hd.o(RESET) refers to stm32f10x_it.o(i.NMI_Handler) for NMI_Handler
    startup_stm32f10x_hd.o(RESET) refers to stm32f10x_it.o(i.HardFault_Handler) for HardFault_Handler
    startup_stm32f10x_hd.o(RESET) refers to stm32f10x_it.o(i.MemManage_Handler) for MemManage_Handler
    startup_stm32f10x_hd.o(RESET) refers to stm32f10x_it.o(i.BusFault_Handler) for BusFault_Handler
    startup_stm32f10x_hd.o(RESET) refers to stm32f10x_it.o(i.UsageFault_Handler) for UsageFault_Handler
    startup_stm32f10x_hd.o(RESET) refers to port.o(.emb_text) for SVC_Handler
    startup_stm32f10x_hd.o(RESET) refers to stm32f10x_it.o(i.DebugMon_Handler) for DebugMon_Handler
    startup_stm32f10x_hd.o(RESET) refers to delay.o(i.SysTick_Handler) for SysTick_Handler
    startup_stm32f10x_hd.o(RESET) refers to timer.o(i.TIM3_IRQHandler) for TIM3_IRQHandler
    startup_stm32f10x_hd.o(RESET) refers to usart.o(i.USART1_IRQHandler) for USART1_IRQHandler
    startup_stm32f10x_hd.o(RESET) refers to timer.o(i.TIM5_IRQHandler) for TIM5_IRQHandler
    startup_stm32f10x_hd.o(.text) refers (Special) to heapauxi.o(.text) for __use_two_region_memory
    startup_stm32f10x_hd.o(.text) refers to system_stm32f10x.o(i.SystemInit) for SystemInit
[...]
    .ARM.Collect$$_printf_percent$$0000000C  0x080001aa   Section        6  _printf_x.o(.ARM.Collect$$_printf_percent$$0000000C)
    .ARM.Collect$$_printf_percent$$00000014  0x080001b0   Section        6  _printf_s.o(.ARM.Collect$$_printf_percent$$00000014)
    .ARM.Collect$$_printf_percent$$00000017  0x080001b6   Section        4  _printf_percent_end.o(.ARM.Collect$$_printf_percent$$00000017)
    .ARM.Collect$$libinit$$00000000          0x080001ba   Section        2  libinit.o(.ARM.Collect$$libinit$$00000000)
    .ARM.Collect$$libinit$$00000002          0x080001bc   Section        0  libinit2.o(.ARM.Collect$$libinit$$00000002)
    .ARM.Collect$$libinit$$00000004          0x080001bc   Section        0  libinit2.o(.ARM.Collect$$libinit$$00000004)
    .ARM.Collect$$libinit$$0000000A          0x080001bc   Section        0  libinit2.o(.ARM.Collect$$libinit$$0000000A)
    .ARM.Collect$$libinit$$0000000C          0x080001bc   Section        0  libinit2.o(.ARM.Collect$$libinit$$0000000C)
    .ARM.Collect$$libinit$$0000000E          0x080001bc   Section        0  libinit2.o(.ARM.Collect$$libinit$$0000000E)
    .ARM.Collect$$libinit$$00000011          0x080001bc   Section        0  libinit2.o(.ARM.Collect$$libinit$$00000011)
    .ARM.Collect$$libinit$$00000013          0x080001bc   Section        0  libinit2.o(.ARM.Collect$$libinit$$00000013)
    .ARM.Collect$$libinit$$00000015          0x080001bc   Section        0  libinit2.o(.ARM.Collect$$libinit$$00000015)
    .ARM.Collect$$libinit$$00000017          0x080001bc   Section        0  libinit2.o(.ARM.Collect$$libinit$$00000017)
    .ARM.Collect$$libinit$$00000019          0x080001bc   Section        0  libinit2.o(.ARM.Collect$$libinit$$00000019)
    .ARM.Collect$$libinit$$0000001B          0x080001bc   Section        0  libinit2.o(.ARM.Collect$$libinit$$0000001B)
    .ARM.Collect$$libinit$$0000001D          0x080001bc   Section        0  libinit2.o(.ARM.Collect$$libinit$$0000001D)
    .ARM.Collect$$libinit$$0000001F          0x080001bc   Section        0  libinit2.o(.ARM.Collect$$libinit$$0000001F)
    .ARM.Collect$$libinit$$00000021          0x080001bc   Section        0  libinit2.o(.ARM.Collect$$libinit$$00000021)
    .ARM.Collect$$libinit$$00000023          0x080001bc   Section        0  libinit2.o(.ARM.Collect$$libinit$$00000023)
    .ARM.Collect$$libinit$$00000025          0x080001bc   Section        0  libinit2.o(.ARM.Collect$$libinit$$00000025)
    .ARM.Collect$$libinit$$0000002C          0x080001bc   Section        0  libinit2.o(.ARM.Collect$$libinit$$0000002C)
    .ARM.Collect$$libinit$$0000002E          0x080001bc   Section        0  libinit2.o(.ARM.Collect$$libinit$$0000002E)
    .ARM.Collect$$libinit$$00000030          0x080001bc   Section        0  libinit2.o(.ARM.Collect$$libinit$$00000030)
    .ARM.Collect$$libinit$$00000032          0x080001bc   Section        0  libinit2.o(.ARM.Collect$$libinit$$00000032)
    .ARM.Collect$$libinit$$00000033          0x080001bc   Section        2  libinit2.o(.ARM.Collect$$libinit$$00000033)
    .ARM.Collect$$libshutdown$$00000000      0x080001be   Section        2  libshutdown.o(.ARM.Collect$$libshutdown$$00000000)
    .ARM.Collect$$libshutdown$$00000002      0x080001c0   Section        0  libshutdown2.o(.ARM.Collect$$libshutdown$$00000002)
    .ARM.Collect$$libshutdown$$00000004      0x080001c0   Section        0  libshutdown2.o(.ARM.Collect$$libshutdown$$00000004)
    .ARM.Collect$$libshutdown$$00000007      0x080001c0   Section        0  libshutdown2.o(.ARM.Collect$$libshutdown$$00000007)
    .ARM.Collect$$libshutdown$$0000000A      0x080001c0   Section        0  libshutdown2.o(.ARM.Collect$$libshutdown$$0000000A)
    .ARM.Collect$$libshutdown$$0000000C      0x080001c0   Section        0  libshutdown2.o(.ARM.Collect$$libshutdown$$0000000C)
    .ARM.Collect$$libshutdown$$0000000F      0x080001c0   Section        0  libshutdown2.o(.ARM.Collect$$libshutdown$$0000000F)
    .ARM.Collect$$libshutdown$$00000010      0x080001c0   Section        2  libshutdown2.o(.ARM.Collect$$libshutdown$$00000010)
    .ARM.Collect$$rtentry$$00000000          0x080001c2   Section        0  __rtentry.o(.ARM.Collect$$rtentry$$00000000)
    .ARM.Collect$$rtentry$$00000002          0x080001c2   Section        0  __rtentry2.o(.ARM.Collect$$rtentry$$00000002)
    .ARM.Collect$$rtentry$$00000004          0x080001c2   Section        6  __rtentry4.o(.ARM.Collect$$rtentry$$00000004)
    .ARM.Collect$$rtentry$$00000009          0x080001c8   Section        0  __rtentry2.o(.ARM.Collect$$rtentry$$00000009)
    .ARM.Collect$$rtentry$$0000000A          0x080001c8   Section        4  __rtentry2.o(.ARM.Collect$$rtentry$$0000000A)
    .ARM.Collect$$rtentry$$0000000C          0x080001cc   Section        0  __rtentry2.o(.ARM.Collect$$rtentry$$0000000C)
    .ARM.Collect$$rtentry$$0000000D          0x080001cc   Section        8  __rtentry2.o(.ARM.Collect$$rtentry$$0000000D)
    .ARM.Collect$$rtexit$$00000000           0x080001d4   Section        2  rtexit.o(.ARM.Collect$$rtexit$$00000000)
    .ARM.Collect$$rtexit$$00000002           0x080001d6   Section        0  rtexit2.o(.ARM.Collect$$rtexit$$00000002)
    .ARM.Collect$$rtexit$$00000003           0x080001d6   Section        4  rtexit2.o(.ARM.Collect$$rtexit$$00000003)
    .ARM.Collect$$rtexit$$00000004           0x080001da   Section        6  rtexit2.o(.ARM.Collect$$rtexit$$00000004)
    .emb_text                                0x080001e0   Section      150  port.o(.emb_text)
    .text                                    0x08000278   Section       64  startup_stm32f10x_hd.o(.text)
    .text                                    0x080002b8   Section        2  use_no_semi_2.o(.text)
    .text                                    0x080002bc   Section        0  noretval__2printf.o(.text)
    .text                                    0x080002d4   Section        0  __printf.o(.text)
    .text                                    0x0800033c   Section        0  _printf_str.o(.text)
    .text                                    0x08000390   Section        0  _printf_dec.o(.text)
    .text                                    0x08000408   Section        0  _printf_hex_int.o(.text)
    .text                                    0x08000460   Section      138  rt_memcpy_v6.o(.text)
    .text                                    0x080004ea   Section       16  aeabi_memset.o(.text)
    .text                                    0x080004fa   Section        0  heapauxi.o(.text)
    .text                                    0x08000500   Section        2  use_no_semi.o(.text)
    .text                                    0x08000502   Section        0  _printf_intcommon.o(.text)
    .text                                    0x080005b4   Section        0  _printf_char_common.o(.text)
    _printf_input_char                       0x080005b5   Thumb Code    10  _printf_char_common.o(.text)
    .text                                    0x080005e4   Section        0  _printf_char.o(.text)
    .text                                    0x08000610   Section        0  _printf_char_file.o(.text)
    .text                                    0x08000634   Section      100  rt_memcpy_w.o(.text)
    .text                                    0x08000698   Section       68  rt_memclr.o(.text)
    .text                                    0x080006dc   Section        0  ferror.o(.text)
    .text                                    0x080006e4   Section       78  rt_memclr_w.o(.text)
    .text                                    0x08000732   Section       74  sys_stackheap_outer.o(.text)
    .text                                    0x0800077c   Section        0  exit.o(.text)
    .text                                    0x08000790   Section        8  libspace.o(.text)
    i.BusFault_Handler                       0x08000798   Section        0  stm32f10x_it.o(i.BusFault_Handler)
    i.DebugMon_Handler                       0x0800079c   Section        0  stm32f10x_it.o(i.DebugMon_Handler)
    i.GPIO_Init                              0x0800079e   Section        0  stm32f10x_gpio.o(i.GPIO_Init)
    i.GPIO_PinRemapConfig                    0x080008b4   Section        0  stm32f10x_gpio.o(i.GPIO_PinRemapConfig)
    i.GPIO_SetBits                           0x08000944   Section        0  stm32f10x_gpio.o(i.GPIO_SetBits)
    i.HardFault_Handler                      0x08000948   Section        0  stm32f10x_it.o(i.HardFault_Handler)
    i.LCD_Clear                              0x0800094c   Section        0  lcd.o(i.LCD_Clear)
    i.LCD_DisplayOn                          0x08000998   Section        0  lcd.o(i.LCD_DisplayOn)
    i.LCD_Display_Dir                        0x080009bc   Section        0  lcd.o(i.LCD_Display_Dir)
    i.LCD_Init                               0x08000aec   Section        0  lcd.o(i.LCD_Init)
    i.LCD_RD_DATA                            0x0800344c   Section        0  lcd.o(i.LCD_RD_DATA)
    i.LCD_SSD_BackLightSet                   0x080034ac   Section        0  lcd.o(i.LCD_SSD_BackLightSet)
    i.LCD_Scan_Dir                           0x08003580   Section        0  lcd.o(i.LCD_Scan_Dir)
    i.LCD_SetCursor                          0x08003920   Section        0  lcd.o(i.LCD_SetCursor)
    i.LCD_WR_DATAX                           0x08003bfc   Section        0  lcd.o(i.LCD_WR_DATAX)
    i.LCD_WR_REG                             0x08003c20   Section        0  lcd.o(i.LCD_WR_REG)
    i.LCD_WriteRAM_Prepare                   0x08003c44   Section        0  lcd.o(i.LCD_WriteRAM_Prepare)
    i.LCD_WriteReg                           0x08003c54   Section        0  lcd.o(i.LCD_WriteReg)
    i.LED_Init                               0x08003c84   Section        0  led.o(i.LED_Init)
    i.MemManage_Handler                      0x08003cd4   Section        0  stm32f10x_it.o(i.MemManage_Handler)
    i.NMI_Handler                            0x08003cd8   Section        0  stm32f10x_it.o(i.NMI_Handler)
    i.NVIC_Init                              0x08003cdc   Section        0  misc.o(i.NVIC_Init)
    i.NVIC_PriorityGroupConfig               0x08003d4c   Section        0  misc.o(i.NVIC_PriorityGroupConfig)
    i.RCC_APB1PeriphClockCmd                 0x08003d60   Section        0  stm32f10x_rcc.o(i.RCC_APB1PeriphClockCmd)
    i.RCC_APB2PeriphClockCmd                 0x08003d80   Section        0  stm32f10x_rcc.o(i.RCC_APB2PeriphClockCmd)
    i.RCC_GetClocksFreq                      0x08003da0   Section        0  stm32f10x_rcc.o(i.RCC_GetClocksFreq)
    i.SetSysClock                            0x08003e74   Section        0  system_stm32f10x.o(i.SetSysClock)
    SetSysClock                              0x08003e75   Thumb Code     8  system_stm32f10x.o(i.SetSysClock)
    i.SetSysClockTo72                        0x08003e7c   Section        0  system_stm32f10x.o(i.SetSysClockTo72)
    SetSysClockTo72                          0x08003e7d   Thumb Code   214  system_stm32f10x.o(i.SetSysClockTo72)
    i.SysTick_CLKSourceConfig                0x08003f5c   Section        0  misc.o(i.SysTick_CLKSourceConfig)
    i.SysTick_Handler                        0x08003f84   Section        0  delay.o(i.SysTick_Handler)
    i.SystemInit                             0x08003f94   Section        0  system_stm32f10x.o(i.SystemInit)
    i.TIM3_IRQHandler                        0x08003ff4   Section        0  timer.o(i.TIM3_IRQHandler)
    i.TIM3_Int_Init                          0x0800402c   Section        0  frtos.o(i.TIM3_Int_Init)
    i.TIM5_IRQHandler                        0x0800408c   Section        0  timer.o(i.TIM5_IRQHandler)
    i.TIM5_Int_Init                          0x080040c4   Section        0  frtos.o(i.TIM5_Int_Init)
    i.TIM_ClearITPendingBit                  0x08004124   Section        0  stm32f10x_tim.o(i.TIM_ClearITPendingBit)
    i.TIM_Cmd                                0x0800412a   Section        0  stm32f10x_tim.o(i.TIM_Cmd)
    i.TIM_GetITStatus                        0x08004142   Section        0  stm32f10x_tim.o(i.TIM_GetITStatus)
    i.TIM_ITConfig                           0x08004164   Section        0  stm32f10x_tim.o(i.TIM_ITConfig)
    i.TIM_TimeBaseInit                       0x08004178   Section        0  stm32f10x_tim.o(i.TIM_TimeBaseInit)
    i.USART1_IRQHandler                      0x0800421c   Section        0  usart.o(i.USART1_IRQHandler)
    i.USART_Cmd                              0x080042a4   Section        0  stm32f10x_usart.o(i.USART_Cmd)
    i.USART_GetITStatus                      0x080042bc   Section        0  stm32f10x_usart.o(i.USART_GetITStatus)
    i.USART_ITConfig                         0x08004310   Section        0  stm32f10x_usart.o(i.USART_ITConfig)
    i.USART_Init                             0x0800435c   Section        0  stm32f10x_usart.o(i.USART_Init)
    i.USART_ReceiveData                      0x08004434   Section        0  stm32f10x_usart.o(i.USART_ReceiveData)
    i.UsageFault_Handler                     0x0800443e   Section        0  stm32f10x_it.o(i.UsageFault_Handler)
    i._sys_exit                              0x08004442   Section        0  usart.o(i._sys_exit)
    i.delay_init                             0x08004448   Section        0  delay.o(i.delay_init)
    i.delay_ms                               0x08004488   Section        0  delay.o(i.delay_ms)
    i.delay_us                               0x080044cc   Section        0  delay.o(i.delay_us)
    i.delay_xms                              0x08004518   Section        0  delay.o(i.delay_xms)
    i.enter_main                             0x08004530   Section        0  frtos.o(i.enter_main)
    i.fputc                                  0x080045a4   Section        0  usart.o(i.fputc)
    i.interrupt_task                         0x080045c0   Section        0  frtos.o(i.interrupt_task)
    i.log_print                              0x08004644   Section        0  gki_log.o(i.log_print)
    i.main                                   0x08004668   Section        0  main.o(i.main)
    i.opt_delay                              0x08004672   Section        0  lcd.o(i.opt_delay)
    i.prvAddCurrentTaskToDelayedList         0x08004680   Section        0  tasks.o(i.prvAddCurrentTaskToDelayedList)
    prvAddCurrentTaskToDelayedList           0x08004681   Thumb Code   124  tasks.o(i.prvAddCurrentTaskToDelayedList)
    i.prvAddNewTaskToReadyList               0x08004718   Section        0  tasks.o(i.prvAddNewTaskToReadyList)
    prvAddNewTaskToReadyList                 0x08004719   Thumb Code   156  tasks.o(i.prvAddNewTaskToReadyList)
    i.prvCheckForValidListAndQueue           0x080047d0   Section        0  timers.o(i.prvCheckForValidListAndQueue)
    prvCheckForValidListAndQueue             0x080047d1   Thumb Code    72  timers.o(i.prvCheckForValidListAndQueue)
    i.prvCheckTasksWaitingTermination        0x08004834   Section        0  tasks.o(i.prvCheckTasksWaitingTermination)
    prvCheckTasksWaitingTermination          0x08004835   Thumb Code    86  tasks.o(i.prvCheckTasksWaitingTermination)
    i.prvCopyDataFromQueue                   0x08004898   Section        0  queue.o(i.prvCopyDataFromQueue)
    prvCopyDataFromQueue                     0x08004899   Thumb Code    42  queue.o(i.prvCopyDataFromQueue)
    i.prvCopyDataToQueue                     0x080048c2   Section        0  queue.o(i.prvCopyDataToQueue)
    prvCopyDataToQueue                       0x080048c3   Thumb Code   124  queue.o(i.prvCopyDataToQueue)
    i.prvDeleteTCB                           0x0800493e   Section        0  tasks.o(i.prvDeleteTCB)
    prvDeleteTCB                             0x0800493f   Thumb Code    18  tasks.o(i.prvDeleteTCB)
    i.prvGetNextExpireTime                   0x08004950   Section        0  timers.o(i.prvGetNextExpireTime)
    prvGetNextExpireTime                     0x08004951   Thumb Code    36  timers.o(i.prvGetNextExpireTime)
    i.prvHeapInit                            0x08004978   Section        0  heap_4.o(i.prvHeapInit)
    prvHeapInit                              0x08004979   Thumb Code    98  heap_4.o(i.prvHeapInit)
    i.prvIdleTask                            0x080049f4   Section        0  tasks.o(i.prvIdleTask)
    prvIdleTask                              0x080049f5   Thumb Code    32  tasks.o(i.prvIdleTask)
    i.prvInitialiseNewQueue                  0x08004a1c   Section        0  queue.o(i.prvInitialiseNewQueue)
    prvInitialiseNewQueue                    0x08004a1d   Thumb Code    46  queue.o(i.prvInitialiseNewQueue)
    i.prvInitialiseNewTask                   0x08004a4c   Section        0  tasks.o(i.prvInitialiseNewTask)
    prvInitialiseNewTask                     0x08004a4d   Thumb Code   170  tasks.o(i.prvInitialiseNewTask)
    i.prvInitialiseTaskLists                 0x08004b1c   Section        0  tasks.o(i.prvInitialiseTaskLists)
    prvInitialiseTaskLists                   0x08004b1d   Thumb Code    70  tasks.o(i.prvInitialiseTaskLists)
    i.prvInsertBlockIntoFreeList             0x08004b84   Section        0  heap_4.o(i.prvInsertBlockIntoFreeList)
    prvInsertBlockIntoFreeList               0x08004b85   Thumb Code    96  heap_4.o(i.prvInsertBlockIntoFreeList)
    i.prvInsertTimerInActiveList             0x08004bec   Section        0  timers.o(i.prvInsertTimerInActiveList)
    prvInsertTimerInActiveList               0x08004bed   Thumb Code    80  timers.o(i.prvInsertTimerInActiveList)
    i.prvIsQueueEmpty                        0x08004c44   Section        0  queue.o(i.prvIsQueueEmpty)
    prvIsQueueEmpty                          0x08004c45   Thumb Code    26  queue.o(i.prvIsQueueEmpty)
    i.prvIsQueueFull                         0x08004c5e   Section        0  queue.o(i.prvIsQueueFull)
    prvIsQueueFull                           0x08004c5f   Thumb Code    30  queue.o(i.prvIsQueueFull)
    i.prvNotifyQueueSetContainer             0x08004c7c   Section        0  queue.o(i.prvNotifyQueueSetContainer)
    prvNotifyQueueSetContainer               0x08004c7d   Thumb Code   124  queue.o(i.prvNotifyQueueSetContainer)
    i.prvProcessExpiredTimer                 0x08004d1c   Section        0  timers.o(i.prvProcessExpiredTimer)
    prvProcessExpiredTimer                   0x08004d1d   Thumb Code    84  timers.o(i.prvProcessExpiredTimer)
    i.prvProcessReceivedCommands             0x08004d9c   Section        0  timers.o(i.prvProcessReceivedCommands)
    prvProcessReceivedCommands               0x08004d9d   Thumb Code   254  timers.o(i.prvProcessReceivedCommands)
    i.prvProcessTimerOrBlockTask             0x08004ec8   Section        0  timers.o(i.prvProcessTimerOrBlockTask)
    prvProcessTimerOrBlockTask               0x08004ec9   Thumb Code   102  timers.o(i.prvProcessTimerOrBlockTask)
    i.prvResetNextTaskUnblockTime            0x08004f3c   Section        0  tasks.o(i.prvResetNextTaskUnblockTime)
    prvResetNextTaskUnblockTime              0x08004f3d   Thumb Code    42  tasks.o(i.prvResetNextTaskUnblockTime)
    i.prvSampleTimeNow                       0x08004f70   Section        0  timers.o(i.prvSampleTimeNow)
    prvSampleTimeNow                         0x08004f71   Thumb Code    40  timers.o(i.prvSampleTimeNow)
    i.prvSwitchTimerLists                    0x08004f9c   Section        0  timers.o(i.prvSwitchTimerLists)
    prvSwitchTimerLists                      0x08004f9d   Thumb Code   140  timers.o(i.prvSwitchTimerLists)
    i.prvTaskExitError                       0x08005058   Section        0  port.o(i.prvTaskExitError)
    prvTaskExitError                         0x08005059   Thumb Code    48  port.o(i.prvTaskExitError)
    i.prvTimerTask                           0x080050c8   Section        0  timers.o(i.prvTimerTask)
    prvTimerTask                             0x080050c9   Thumb Code    26  timers.o(i.prvTimerTask)
    i.prvUnlockQueue                         0x080050e2   Section        0  queue.o(i.prvUnlockQueue)
    prvUnlockQueue                           0x080050e3   Thumb Code   146  queue.o(i.prvUnlockQueue)
    i.pvPortMalloc                           0x08005174   Section        0  heap_4.o(i.pvPortMalloc)
    i.pvTaskIncrementMutexHeldCount          0x080052c8   Section        0  tasks.o(i.pvTaskIncrementMutexHeldCount)
    i.pxPortInitialiseStack                  0x080052e8   Section        0  port.o(i.pxPortInitialiseStack)
    i.start_task                             0x0800530c   Section        0  frtos.o(i.start_task)
    i.uart_init                              0x08005354   Section        0  usart.o(i.uart_init)
    i.uxListRemove                           0x080053f4   Section        0  list.o(i.uxListRemove)
    i.vApplicationStackOverflowHook          0x0800541c   Section        0  frtos.o(i.vApplicationStackOverflowHook)
    i.vListInitialise                        0x0800541e   Section        0  list.o(i.vListInitialise)
    i.vListInitialiseItem                    0x08005438   Section        0  list.o(i.vListInitialiseItem)
    i.vListInsert                            0x0800543e   Section        0  list.o(i.vListInsert)
    i.vListInsertEnd                         0x08005472   Section        0  list.o(i.vListInsertEnd)
    i.vPortEnterCritical                     0x0800548c   Section        0  port.o(i.vPortEnterCritical)
    i.vPortExitCritical                      0x08005514   Section        0  port.o(i.vPortExitCritical)
    i.vPortFree                              0x08005584   Section        0  heap_4.o(i.vPortFree)
    i.vPortSetupTimerInterrupt               0x0800563c   Section        0  port.o(i.vPortSetupTimerInterrupt)
    i.vPortValidateInterruptPriority         0x0800565c   Section        0  port.o(i.vPortValidateInterruptPriority)
    i.vQueueAddToRegistry                    0x080056fc   Section        0  queue.o(i.vQueueAddToRegistry)
    i.vQueueWaitForMessageRestricted         0x08005728   Section        0  queue.o(i.vQueueWaitForMessageRestricted)
    i.vTaskDelay                             0x08005774   Section        0  tasks.o(i.vTaskDelay)
    i.vTaskDelete                            0x080057e8   Section        0  tasks.o(i.vTaskDelete)
    i.vTaskMissedYield                       0x080058f4   Section        0  tasks.o(i.vTaskMissedYield)
    i.vTaskPlaceOnEventList                  0x08005900   Section        0  tasks.o(i.vTaskPlaceOnEventList)
    i.vTaskPlaceOnEventListRestricted        0x08005954   Section        0  tasks.o(i.vTaskPlaceOnEventListRestricted)
    i.vTaskPriorityInherit                   0x080059b0   Section        0  tasks.o(i.vTaskPriorityInherit)
    i.vTaskSetTimeOutState                   0x08005a60   Section        0  tasks.o(i.vTaskSetTimeOutState)
    i.vTaskStartScheduler                    0x08005aac   Section        0  tasks.o(i.vTaskStartScheduler)
    i.vTaskSuspendAll                        0x08005b58   Section        0  tasks.o(i.vTaskSuspendAll)
    i.vTaskSwitchContext                     0x08005b68   Section        0  tasks.o(i.vTaskSwitchContext)
    i.xPortStartScheduler                    0x08005c2c   Section        0  port.o(i.xPortStartScheduler)
    i.xPortSysTickHandler                    0x08005ccc   Section        0  port.o(i.xPortSysTickHandler)
    i.xQueueGenericCreate                    0x08005d00   Section        0  queue.o(i.xQueueGenericCreate)
    i.xQueueGenericReceive                   0x08005d74   Section        0  queue.o(i.xQueueGenericReceive)
    i.xQueueGenericReset                     0x08005f3c   Section        0  queue.o(i.xQueueGenericReset)
    i.xQueueGenericSend                      0x08005fec   Section        0  queue.o(i.xQueueGenericSend)
    i.xQueueGenericSendFromISR               0x080061b0   Section        0  queue.o(i.xQueueGenericSendFromISR)
    i.xTaskCheckForTimeOut                   0x080062c0   Section        0  tasks.o(i.xTaskCheckForTimeOut)
    i.xTaskCreate                            0x08006360   Section        0  tasks.o(i.xTaskCreate)
    i.xTaskGetSchedulerState                 0x080063c0   Section        0  tasks.o(i.xTaskGetSchedulerState)
    i.xTaskGetTickCount                      0x080063e0   Section        0  tasks.o(i.xTaskGetTickCount)
    i.xTaskIncrementTick                     0x080063ec   Section        0  tasks.o(i.xTaskIncrementTick)
    i.xTaskPriorityDisinherit                0x0800654c   Section        0  tasks.o(i.xTaskPriorityDisinherit)
    i.xTaskRemoveFromEventList               0x08006624   Section        0  tasks.o(i.xTaskRemoveFromEventList)
    i.xTaskResumeAll                         0x080066d8   Section        0  tasks.o(i.xTaskResumeAll)
    i.xTimerCreateTimerTask                  0x080067f8   Section        0  timers.o(i.xTimerCreateTimerTask)
    i.xTimerGenericCommand                   0x0800686c   Section        0  timers.o(i.xTimerGenericCommand)
    x$fpl$dfixu                              0x08006910   Section       90  dfixu.o(x$fpl$dfixu)
    x$fpl$dfltu                              0x0800696a   Section       38  dflt_clz.o(x$fpl$dfltu)
    x$fpl$dmul                               0x08006990   Section      340  dmul.o(x$fpl$dmul)
    x$fpl$dnaninf                            0x08006ae4   Section      156  dnaninf.o(x$fpl$dnaninf)
    x$fpl$dretinf                            0x08006b80   Section       12  dretinf.o(x$fpl$dretinf)
    .constdata                               0x08006b8c   Section       40  _printf_hex_int.o(.constdata)
    x$fpl$usenofp                            0x08006b8c   Section        0  usenofp.o(x$fpl$usenofp)
    uc_hextab                                0x08006b8c   Data          20  _printf_hex_int.o(.constdata)
    lc_hextab                                0x08006ba0   Data          20  _printf_hex_int.o(.constdata)
    .data                                    0x20000000   Section       20  system_stm32f10x.o(.data)
    .data                                    0x20000014   Section       20  frtos.o(.data)
    total_num                                0x20000024   Data           4  frtos.o(.data)
    .data                                    0x20000028   Section        4  delay.o(.data)
    fac_us                                   0x20000028   Data           1  delay.o(.data)
    fac_ms                                   0x2000002a   Data           2  delay.o(.data)
    .data                                    0x2000002c   Section        6  usart.o(.data)
    .data                                    0x20000032   Section       20  stm32f10x_rcc.o(.data)
    APBAHBPrescTable                         0x20000032   Data          16  stm32f10x_rcc.o(.data)
    ADCPrescTable                            0x20000042   Data           4  stm32f10x_rcc.o(.data)
    .data                                    0x20000048   Section       60  tasks.o(.data)
    pxDelayedTaskList                        0x2000004c   Data           4  tasks.o(.data)
    pxOverflowDelayedTaskList                0x20000050   Data           4  tasks.o(.data)
    uxDeletedTasksWaitingCleanUp             0x20000054   Data           4  tasks.o(.data)
    uxCurrentNumberOfTasks                   0x20000058   Data           4  tasks.o(.data)
    xTickCount                               0x2000005c   Data           4  tasks.o(.data)
    uxTopReadyPriority                       0x20000060   Data           4  tasks.o(.data)
    xSchedulerRunning                        0x20000064   Data           4  tasks.o(.data)
    uxPendedTicks                            0x20000068   Data           4  tasks.o(.data)
    xYieldPending                            0x2000006c   Data           4  tasks.o(.data)
    xNumOfOverflows                          0x20000070   Data           4  tasks.o(.data)
    uxTaskNumber                             0x20000074   Data           4  tasks.o(.data)
    xNextTaskUnblockTime                     0x20000078   Data           4  tasks.o(.data)
    xIdleTaskHandle                          0x2000007c   Data           4  tasks.o(.data)
    uxSchedulerSuspended                     0x20000080   Data           4  tasks.o(.data)
    .data                                    0x20000084   Section       20  timers.o(.data)
    pxCurrentTimerList                       0x20000084   Data           4  timers.o(.data)
    pxOverflowTimerList                      0x20000088   Data           4  timers.o(.data)
    xTimerQueue                              0x2000008c   Data           4  timers.o(.data)
    xTimerTaskHandle                         0x20000090   Data           4  timers.o(.data)
    xLastTime                                0x20000094   Data           4  timers.o(.data)
    .data                                    0x20000098   Section       24  heap_4.o(.data)
    xStart                                   0x20000098   Data           8  heap_4.o(.data)
    pxEnd                                    0x200000a0   Data           4  heap_4.o(.data)
    xFreeBytesRemaining                      0x200000a4   Data           4  heap_4.o(.data)
    xMinimumEverFreeBytesRemaining           0x200000a8   Data           4  heap_4.o(.data)
    xBlockAllocatedBit                       0x200000ac   Data           4  heap_4.o(.data)
    .data                                    0x200000b0   Section       12  port.o(.data)
    uxCriticalNesting                        0x200000b0   Data           4  port.o(.data)
    ucMaxSysCallPriority                     0x200000b4   Data           1  port.o(.data)
    ulMaxPRIGROUPValue                       0x200000b8   Data           4  port.o(.data)
    .bss                                     0x200000bc   Section      200  usart.o(.bss)
    .bss                                     0x20000184   Section       14  lcd.o(.bss)
    .bss                                     0x20000194   Section       64  queue.o(.bss)
    .bss                                     0x200001d4   Section      740  tasks.o(.bss)
    pxReadyTasksLists                        0x200001d4   Data         640  tasks.o(.bss)
    xDelayedTaskList1                        0x20000454   Data          20  tasks.o(.bss)
    xDelayedTaskList2                        0x20000468   Data          20  tasks.o(.bss)
    xPendingReadyList                        0x2000047c   Data          20  tasks.o(.bss)
    xTasksWaitingTermination                 0x20000490   Data          20  tasks.o(.bss)
    xSuspendedTaskList                       0x200004a4   Data          20  tasks.o(.bss)
    .bss                                     0x200004b8   Section       40  timers.o(.bss)
    xActiveTimerList1                        0x200004b8   Data          20  timers.o(.bss)
    xActiveTimerList2                        0x200004cc   Data          20  timers.o(.bss)
    .bss                                     0x200004e0   Section    20480  heap_4.o(.bss)
    ucHeap                                   0x200004e0   Data       20480  heap_4.o(.bss)
    .bss                                     0x200054e0   Section       96  libspace.o(.bss)
    HEAP                                     0x20005540   Section      512  startup_stm32f10x_hd.o(HEAP)
    Heap_Mem                                 0x20005540   Data         512  startup_stm32f10x_hd.o(HEAP)
    STACK                                    0x20005740   Section     1024  startup_stm32f10x_hd.o(STACK)
    Stack_Mem                                0x20005740   Data        1024  startup_stm32f10x_hd.o(STACK)
    __initial_sp                             0x20005b40   Data           0  startup_stm32f10x_hd.o(STACK)

    Global Symbols

    Symbol Name                              Value     Ov Type        Size  Object(Section)

    BuildAttributes$$THM_ISAv4$P$D$K$B$S$PE$A:L22UL41UL21$X:L11$S22US41US21$IEEE1$IW$USESV6$~STKCKD$USESV7$~SHL$OSPACE$ROPI$EBA8$UX$STANDARDLIB$REQ8$PRES8$EABIv2 0x00000000   Number         0  anon$$obj.o ABSOLUTE
    __ARM_use_no_argv                        0x00000000   Number         0  main.o ABSOLUTE
    __ARM_exceptions_init                     - Undefined Weak Reference
    __alloca_initialize                       - Undefined Weak Reference
    __arm_preinit_                            - Undefined Weak Reference
    __cpp_initialize__aeabi_                  - Undefined Weak Reference
    __cxa_finalize                            - Undefined Weak Reference
    __rt_locale                               - Undefined Weak Reference
    __sigvec_lookup                           - Undefined Weak Reference
    _atexit_init                              - Undefined Weak Reference
    _call_atexit_fns                          - Undefined Weak Reference
    _clock_init                               - Undefined Weak Reference
    _fp_trap_init                             - Undefined Weak Reference
    _fp_trap_shutdown                         - Undefined Weak Reference
    _get_lc_collate                           - Undefined Weak Reference
    _get_lc_ctype                             - Undefined Weak Reference
    _get_lc_monetary                          - Undefined Weak Reference
    _get_lc_numeric                           - Undefined Weak Reference
    _get_lc_time                              - Undefined Weak Reference
    _getenv_init                              - Undefined Weak Reference
    _handle_redirection                       - Undefined Weak Reference
    _init_alloc                               - Undefined Weak Reference
    _init_user_alloc                          - Undefined Weak Reference
    _initio                                   - Undefined Weak Reference
    _mutex_acquire                            - Undefined Weak Reference
    _mutex_release                            - Undefined Weak Reference
    _printf_mbtowc                            - Undefined Weak Reference
    _printf_post_padding                      - Undefined Weak Reference
    _printf_pre_padding                       - Undefined Weak Reference
    _printf_truncate_signed                   - Undefined Weak Reference
    _printf_truncate_unsigned                 - Undefined Weak Reference
    _rand_init                                - Undefined Weak Reference
    _signal_finish                            - Undefined Weak Reference
    _signal_init                              - Undefined Weak Reference
    _terminate_alloc                          - Undefined Weak Reference
    _terminate_user_alloc                     - Undefined Weak Reference
    _terminateio                              - Undefined Weak Reference
    __Vectors_Size                           0x00000130   Number         0  startup_stm32f10x_hd.o ABSOLUTE
    __Vectors                                0x08000000   Data           4  startup_stm32f10x_hd.o(RESET)
    __Vectors_End                            0x08000130   Data           0  startup_stm32f10x_hd.o(RESET)
    __main                                   0x08000131   Thumb Code     8  __main.o(!!!main)
    __scatterload                            0x08000139   Thumb Code     0  __scatter.o(!!!scatter)
    __scatterload_rt2                        0x08000139   Thumb Code    44  __scatter.o(!!!scatter)
    __scatterload_rt2_thumb_only             0x08000139   Thumb Code     0  __scatter.o(!!!scatter)
    __scatterload_null                       0x08000147   Thumb Code     0  __scatter.o(!!!scatter)
    __scatterload_copy                       0x0800016d   Thumb Code    26  __scatter_copy.o(!!handler_copy)
    __scatterload_zeroinit                   0x08000189   Thumb Code    28  __scatter_zi.o(!!handler_zi)
    _printf_d                                0x080001a5   Thumb Code     0  _printf_d.o(.ARM.Collect$$_printf_percent$$00000009)
    _printf_percent                          0x080001a5   Thumb Code     0  _printf_percent.o(.ARM.Collect$$_printf_percent$$00000000)
    _printf_x                                0x080001ab   Thumb Code     0  _printf_x.o(.ARM.Collect$$_printf_percent$$0000000C)
    _printf_s                                0x080001b1   Thumb Code     0  _printf_s.o(.ARM.Collect$$_printf_percent$$00000014)
    _printf_percent_end                      0x080001b7   Thumb Code     0  _printf_percent_end.o(.ARM.Collect$$_printf_percent$$00000017)
    __rt_lib_init                            0x080001bb   Thumb Code     0  libinit.o(.ARM.Collect$$libinit$$00000000)
    __rt_lib_init_alloca_1                   0x080001bd   Thumb Code     0  libinit2.o(.ARM.Collect$$libinit$$0000002E)
    __rt_lib_init_argv_1                     0x080001bd   Thumb Code     0  libinit2.o(.ARM.Collect$$libinit$$0000002C)
    __rt_lib_init_atexit_1                   0x080001bd   Thumb Code     0  libinit2.o(.ARM.Collect$$libinit$$0000001B)
    __rt_lib_init_clock_1                    0x080001bd   Thumb Code     0  libinit2.o(.ARM.Collect$$libinit$$00000021)
    __rt_lib_init_cpp_1                      0x080001bd   Thumb Code     0  libinit2.o(.ARM.Collect$$libinit$$00000032)
    __rt_lib_init_exceptions_1               0x080001bd   Thumb Code     0  libinit2.o(.ARM.Collect$$libinit$$00000030)
    __rt_lib_init_fp_1                       0x080001bd   Thumb Code     0  libinit2.o(.ARM.Collect$$libinit$$00000002)
    __rt_lib_init_fp_trap_1                  0x080001bd   Thumb Code     0  libinit2.o(.ARM.Collect$$libinit$$0000001F)
    __rt_lib_init_getenv_1                   0x080001bd   Thumb Code     0  libinit2.o(.ARM.Collect$$libinit$$00000023)
    __rt_lib_init_heap_1                     0x080001bd   Thumb Code     0  libinit2.o(.ARM.Collect$$libinit$$0000000A)
    __rt_lib_init_lc_collate_1               0x080001bd   Thumb Code     0  libinit2.o(.ARM.Collect$$libinit$$00000011)
    __rt_lib_init_lc_ctype_1                 0x080001bd   Thumb Code     0  libinit2.o(.ARM.Collect$$libinit$$00000013)
    __rt_lib_init_lc_monetary_1              0x080001bd   Thumb Code     0  libinit2.o(.ARM.Collect$$libinit$$00000015)
    __rt_lib_init_lc_numeric_1               0x080001bd   Thumb Code     0  libinit2.o(.ARM.Collect$$libinit$$00000017)
    __rt_lib_init_lc_time_1                  0x080001bd   Thumb Code     0  libinit2.o(.ARM.Collect$$libinit$$00000019)
    __rt_lib_init_preinit_1                  0x080001bd   Thumb Code     0  libinit2.o(.ARM.Collect$$libinit$$00000004)
    __rt_lib_init_rand_1                     0x080001bd   Thumb Code     0  libinit2.o(.ARM.Collect$$libinit$$0000000E)
    __rt_lib_init_return                     0x080001bd   Thumb Code     0  libinit2.o(.ARM.Collect$$libinit$$00000033)
    __rt_lib_init_signal_1                   0x080001bd   Thumb Code     0  libinit2.o(.ARM.Collect$$libinit$$0000001D)
    __rt_lib_init_stdio_1                    0x080001bd   Thumb Code     0  libinit2.o(.ARM.Collect$$libinit$$00000025)
    __rt_lib_init_user_alloc_1               0x080001bd   Thumb Code     0  libinit2.o(.ARM.Collect$$libinit$$0000000C)
    __rt_lib_shutdown                        0x080001bf   Thumb Code     0  libshutdown.o(.ARM.Collect$$libshutdown$$00000000)
    __rt_lib_shutdown_cpp_1                  0x080001c1   Thumb Code     0  libshutdown2.o(.ARM.Collect$$libshutdown$$00000002)
    __rt_lib_shutdown_fp_trap_1              0x080001c1   Thumb Code     0  libshutdown2.o(.ARM.Collect$$libshutdown$$00000007)
    __rt_lib_shutdown_heap_1                 0x080001c1   Thumb Code     0  libshutdown2.o(.ARM.Collect$$libshutdown$$0000000F)
    __rt_lib_shutdown_return                 0x080001c1   Thumb Code     0  libshutdown2.o(.ARM.Collect$$libshutdown$$00000010)
    __rt_lib_shutdown_signal_1               0x080001c1   Thumb Code     0  libshutdown2.o(.ARM.Collect$$libshutdown$$0000000A)
    __rt_lib_shutdown_stdio_1                0x080001c1   Thumb Code     0  libshutdown2.o(.ARM.Collect$$libshutdown$$00000004)
    __rt_lib_shutdown_user_alloc_1           0x080001c1   Thumb Code     0  libshutdown2.o(.ARM.Collect$$libshutdown$$0000000C)
    __rt_entry                               0x080001c3   Thumb Code     0  __rtentry.o(.ARM.Collect$$rtentry$$00000000)
    __rt_entry_presh_1                       0x080001c3   Thumb Code     0  __rtentry2.o(.ARM.Collect$$rtentry$$00000002)
    __rt_entry_sh                            0x080001c3   Thumb Code     0  __rtentry4.o(.ARM.Collect$$rtentry$$00000004)
    __rt_entry_li                            0x080001c9   Thumb Code     0  __rtentry2.o(.ARM.Collect$$rtentry$$0000000A)
    __rt_entry_postsh_1                      0x080001c9   Thumb Code     0  __rtentry2.o(.ARM.Collect$$rtentry$$00000009)
    __rt_entry_main                          0x080001cd   Thumb Code     0  __rtentry2.o(.ARM.Collect$$rtentry$$0000000D)
    __rt_entry_postli_1                      0x080001cd   Thumb Code     0  __rtentry2.o(.ARM.Collect$$rtentry$$0000000C)
    __rt_exit                                0x080001d5   Thumb Code     0  rtexit.o(.ARM.Collect$$rtexit$$00000000)
    __rt_exit_ls                             0x080001d7   Thumb Code     0  rtexit2.o(.ARM.Collect$$rtexit$$00000003)
    __rt_exit_prels_1                        0x080001d7   Thumb Code     0  rtexit2.o(.ARM.Collect$$rtexit$$00000002)
    __rt_exit_exit                           0x080001db   Thumb Code     0  rtexit2.o(.ARM.Collect$$rtexit$$00000004)
    SVC_Handler                              0x080001e1   Thumb Code    32  port.o(.emb_text)
    __asm___6_port_c_39a90d8d__prvStartFirstTask 0x08000205   Thumb Code    28  port.o(.emb_text)
    PendSV_Handler                           0x08000225   Thumb Code    72  port.o(.emb_text)
    vPortGetIPSR                             0x08000271   Thumb Code     6  port.o(.emb_text)
    Reset_Handler                            0x08000279   Thumb Code     8  startup_stm32f10x_hd.o(.text)
    ADC1_2_IRQHandler                        0x08000293   Thumb Code     0  startup_stm32f10x_hd.o(.text)
    ADC3_IRQHandler                          0x08000293   Thumb Code     0  startup_stm32f10x_hd.o(.text)
    CAN1_RX1_IRQHandler                      0x08000293   Thumb Code     0  startup_stm32f10x_hd.o(.text)
    CAN1_SCE_IRQHandler                      0x08000293   Thumb Code     0  startup_stm32f10x_hd.o(.text)
    DMA1_Channel1_IRQHandler                 0x08000293   Thumb Code     0  startup_stm32f10x_hd.o(.text)
    DMA1_Channel2_IRQHandler                 0x08000293   Thumb Code     0  startup_stm32f10x_hd.o(.text)
    DMA1_Channel3_IRQHandler                 0x08000293   Thumb Code     0  startup_stm32f10x_hd.o(.text)
    DMA1_Channel4_IRQHandler                 0x08000293   Thumb Code     0  startup_stm32f10x_hd.o(.text)
    DMA1_Channel5_IRQHandler                 0x08000293   Thumb Code     0  startup_stm32f10x_hd.o(.text)
    DMA1_Channel6_IRQHandler                 0x08000293   Thumb Code     0  startup_stm32f10x_hd.o(.text)
    DMA1_Channel7_IRQHandler                 0x08000293   Thumb Code     0  startup_stm32f10x_hd.o(.text)
    DMA2_Channel1_IRQHandler                 0x08000293   Thumb Code     0  startup_stm32f10x_hd.o(.text)
    DMA2_Channel2_IRQHandler                 0x08000293   Thumb Code     0  startup_stm32f10x_hd.o(.text)
    DMA2_Channel3_IRQHandler                 0x08000293   Thumb Code     0  startup_stm32f10x_hd.o(.text)
    DMA2_Channel4_5_IRQHandler               0x08000293   Thumb Code     0  startup_stm32f10x_hd.o(.text)
    EXTI0_IRQHandler                         0x08000293   Thumb Code     0  startup_stm32f10x_hd.o(.text)
    EXTI15_10_IRQHandler                     0x08000293   Thumb Code     0  startup_stm32f10x_hd.o(.text)
    EXTI1_IRQHandler                         0x08000293   Thumb Code     0  startup_stm32f10x_hd.o(.text)
    EXTI2_IRQHandler                         0x08000293   Thumb Code     0  startup_stm32f10x_hd.o(.text)
    EXTI3_IRQHandler                         0x08000293   Thumb Code     0  startup_stm32f10x_hd.o(.text)
    EXTI4_IRQHandler                         0x08000293   Thumb Code     0  startup_stm32f10x_hd.o(.text)
    EXTI9_5_IRQHandler                       0x08000293   Thumb Code     0  startup_stm32f10x_hd.o(.text)
    FLASH_IRQHandler                         0x08000293   Thumb Code     0  startup_stm32f10x_hd.o(.text)
    FSMC_IRQHandler                          0x08000293   Thumb Code     0  startup_stm32f10x_hd.o(.text)
    I2C1_ER_IRQHandler                       0x08000293   Thumb Code     0  startup_stm32f10x_hd.o(.text)
    I2C1_EV_IRQHandler                       0x08000293   Thumb Code     0  startup_stm32f10x_hd.o(.text)
    I2C2_ER_IRQHandler                       0x08000293   Thumb Code     0  startup_stm32f10x_hd.o(.text)
    I2C2_EV_IRQHandler                       0x08000293   Thumb Code     0  startup_stm32f10x_hd.o(.text)
    PVD_IRQHandler                           0x08000293   Thumb Code     0  startup_stm32f10x_hd.o(.text)
    RCC_IRQHandler                           0x08000293   Thumb Code     0  startup_stm32f10x_hd.o(.text)
    RTCAlarm_IRQHandler                      0x08000293   Thumb Code     0  startup_stm32f10x_hd.o(.text)
    RTC_IRQHandler                           0x08000293   Thumb Code     0  startup_stm32f10x_hd.o(.text)
    SDIO_IRQHandler                          0x08000293   Thumb Code     0  startup_stm32f10x_hd.o(.text)
    SPI1_IRQHandler                          0x08000293   Thumb Code     0  startup_stm32f10x_hd.o(.text)
    SPI2_IRQHandler                          0x08000293   Thumb Code     0  startup_stm32f10x_hd.o(.text)
    SPI3_IRQHandler                          0x08000293   Thumb Code     0  startup_stm32f10x_hd.o(.text)
    TAMPER_IRQHandler                        0x08000293   Thumb Code     0  startup_stm32f10x_hd.o(.text)
    TIM1_BRK_IRQHandler                      0x08000293   Thumb Code     0  startup_stm32f10x_hd.o(.text)
    TIM1_CC_IRQHandler                       0x08000293   Thumb Code     0  startup_stm32f10x_hd.o(.text)
    TIM1_TRG_COM_IRQHandler                  0x08000293   Thumb Code     0  startup_stm32f10x_hd.o(.text)
    TIM1_UP_IRQHandler                       0x08000293   Thumb Code     0  startup_stm32f10x_hd.o(.text)
    TIM2_IRQHandler                          0x08000293   Thumb Code     0  startup_stm32f10x_hd.o(.text)
    TIM4_IRQHandler                          0x08000293   Thumb Code     0  startup_stm32f10x_hd.o(.text)
    TIM6_IRQHandler                          0x08000293   Thumb Code     0  startup_stm32f10x_hd.o(.text)
    TIM7_IRQHandler                          0x08000293   Thumb Code     0  startup_stm32f10x_hd.o(.text)
    TIM8_BRK_IRQHandler                      0x08000293   Thumb Code     0  startup_stm32f10x_hd.o(.text)
    TIM8_CC_IRQHandler                       0x08000293   Thumb Code     0  startup_stm32f10x_hd.o(.text)
    TIM8_TRG_COM_IRQHandler                  0x08000293   Thumb Code     0  startup_stm32f10x_hd.o(.text)
    TIM8_UP_IRQHandler                       0x08000293   Thumb Code     0  startup_stm32f10x_hd.o(.text)
    UART4_IRQHandler                         0x08000293   Thumb Code     0  startup_stm32f10x_hd.o(.text)
    UART5_IRQHandler                         0x08000293   Thumb Code     0  startup_stm32f10x_hd.o(.text)
    USART2_IRQHandler                        0x08000293   Thumb Code     0  startup_stm32f10x_hd.o(.text)
    USART3_IRQHandler                        0x08000293   Thumb Code     0  startup_stm32f10x_hd.o(.text)
    USBWakeUp_IRQHandler                     0x08000293   Thumb Code     0  startup_stm32f10x_hd.o(.text)
    USB_HP_CAN1_TX_IRQHandler                0x08000293   Thumb Code     0  startup_stm32f10x_hd.o(.text)
    USB_LP_CAN1_RX0_IRQHandler               0x08000293   Thumb Code     0  startup_stm32f10x_hd.o(.text)
    WWDG_IRQHandler                          0x08000293   Thumb Code     0  startup_stm32f10x_hd.o(.text)
    __user_initial_stackheap                 0x08000295   Thumb Code     0  startup_stm32f10x_hd.o(.text)
    __use_no_semihosting                     0x080002b9   Thumb Code     2  use_no_semi_2.o(.text)
    __2printf                                0x080002bd   Thumb Code    20  noretval__2printf.o(.text)
    __printf                                 0x080002d5   Thumb Code   104  __printf.o(.text)
    _printf_str                              0x0800033d   Thumb Code    82  _printf_str.o(.text)
    _printf_int_dec                          0x08000391   Thumb Code   104  _printf_dec.o(.text)
    _printf_int_hex                          0x08000409   Thumb Code    84  _printf_hex_int.o(.text)
    _printf_longlong_hex                     0x08000409   Thumb Code     0  _printf_hex_int.o(.text)
    __aeabi_memcpy                           0x08000461   Thumb Code     0  rt_memcpy_v6.o(.text)
    __rt_memcpy                              0x08000461   Thumb Code   138  rt_memcpy_v6.o(.text)
    _memcpy_lastbytes                        0x080004c7   Thumb Code     0  rt_memcpy_v6.o(.text)
    __aeabi_memset                           0x080004eb   Thumb Code    16  aeabi_memset.o(.text)
    __use_two_region_memory                  0x080004fb   Thumb Code     2  heapauxi.o(.text)
    __rt_heap_escrow$2region                 0x080004fd   Thumb Code     2  heapauxi.o(.text)
    __rt_heap_expand$2region                 0x080004ff   Thumb Code     2  heapauxi.o(.text)
    __I$use$semihosting                      0x08000501   Thumb Code     0  use_no_semi.o(.text)
    __use_no_semihosting_swi                 0x08000501   Thumb Code     2  use_no_semi.o(.text)
    _printf_int_common                       0x08000503   Thumb Code   178  _printf_intcommon.o(.text)
    _printf_char_common                      0x080005bf   Thumb Code    32  _printf_char_common.o(.text)
    _printf_cs_common                        0x080005e5   Thumb Code    20  _printf_char.o(.text)
    _printf_char                             0x080005f9   Thumb Code    16  _printf_char.o(.text)
    _printf_string                           0x08000609   Thumb Code     8  _printf_char.o(.text)
    _printf_char_file                        0x08000611   Thumb Code    32  _printf_char_file.o(.text)
    __aeabi_memcpy4                          0x08000635   Thumb Code     0  rt_memcpy_w.o(.text)
    __aeabi_memcpy8                          0x08000635   Thumb Code     0  rt_memcpy_w.o(.text)
    __rt_memcpy_w                            0x08000635   Thumb Code   100  rt_memcpy_w.o(.text)
    _memcpy_lastbytes_aligned                0x0800067d   Thumb Code     0  rt_memcpy_w.o(.text)
    __aeabi_memclr                           0x08000699   Thumb Code     0  rt_memclr.o(.text)
    __rt_memclr                              0x08000699   Thumb Code    68  rt_memclr.o(.text)
    _memset                                  0x0800069d   Thumb Code     0  rt_memclr.o(.text)
    ferror                                   0x080006dd   Thumb Code     8  ferror.o(.text)
    __aeabi_memclr4                          0x080006e5   Thumb Code     0  rt_memclr_w.o(.text)
    __aeabi_memclr8                          0x080006e5   Thumb Code     0  rt_memclr_w.o(.text)
    __rt_memclr_w                            0x080006e5   Thumb Code    78  rt_memclr_w.o(.text)
    _memset_w                                0x080006e9   Thumb Code     0  rt_memclr_w.o(.text)
    __user_setup_stackheap                   0x08000733   Thumb Code    74  sys_stackheap_outer.o(.text)
    exit                                     0x0800077d   Thumb Code    18  exit.o(.text)
    __user_libspace                          0x08000791   Thumb Code     8  libspace.o(.text)
    __user_perproc_libspace                  0x08000791   Thumb Code     0  libspace.o(.text)
    __user_perthread_libspace                0x08000791   Thumb Code     0  libspace.o(.text)
    BusFault_Handler                         0x08000799   Thumb Code     4  stm32f10x_it.o(i.BusFault_Handler)
    DebugMon_Handler                         0x0800079d   Thumb Code     2  stm32f10x_it.o(i.DebugMon_Handler)
    GPIO_Init                                0x0800079f   Thumb Code   278  stm32f10x_gpio.o(i.GPIO_Init)
    GPIO_PinRemapConfig                      0x080008b5   Thumb Code   138  stm32f10x_gpio.o(i.GPIO_PinRemapConfig)
    GPIO_SetBits                             0x08000945   Thumb Code     4  stm32f10x_gpio.o(i.GPIO_SetBits)
    HardFault_Handler                        0x08000949   Thumb Code     4  stm32f10x_it.o(i.HardFault_Handler)
    LCD_Clear                                0x0800094d   Thumb Code    64  lcd.o(i.LCD_Clear)
    LCD_DisplayOn                            0x08000999   Thumb Code    32  lcd.o(i.LCD_DisplayOn)
    LCD_Display_Dir                          0x080009bd   Thumb Code   298  lcd.o(i.LCD_Display_Dir)
    LCD_Init                                 0x08000aed   Thumb Code 10580  lcd.o(i.LCD_Init)
    LCD_RD_DATA                              0x0800344d   Thumb Code    86  lcd.o(i.LCD_RD_DATA)
    LCD_SSD_BackLightSet                     0x080034ad   Thumb Code   198  lcd.o(i.LCD_SSD_BackLightSet)
    LCD_Scan_Dir                             0x08003581   Thumb Code   916  lcd.o(i.LCD_Scan_Dir)
    LCD_SetCursor                            0x08003921   Thumb Code   720  lcd.o(i.LCD_SetCursor)
    LCD_WR_DATAX                             0x08003bfd   Thumb Code    28  lcd.o(i.LCD_WR_DATAX)
    LCD_WR_REG                               0x08003c21   Thumb Code    28  lcd.o(i.LCD_WR_REG)
    LCD_WriteRAM_Prepare                     0x08003c45   Thumb Code    12  lcd.o(i.LCD_WriteRAM_Prepare)
    LCD_WriteReg                             0x08003c55   Thumb Code    40  lcd.o(i.LCD_WriteReg)
    LED_Init                                 0x08003c85   Thumb Code    72  led.o(i.LED_Init)
    MemManage_Handler                        0x08003cd5   Thumb Code     4  stm32f10x_it.o(i.MemManage_Handler)
    NMI_Handler                              0x08003cd9   Thumb Code     2  stm32f10x_it.o(i.NMI_Handler)
    NVIC_Init                                0x08003cdd   Thumb Code   100  misc.o(i.NVIC_Init)
    NVIC_PriorityGroupConfig                 0x08003d4d   Thumb Code    10  misc.o(i.NVIC_PriorityGroupConfig)
    RCC_APB1PeriphClockCmd                   0x08003d61   Thumb Code    26  stm32f10x_rcc.o(i.RCC_APB1PeriphClockCmd)
    RCC_APB2PeriphClockCmd                   0x08003d81   Thumb Code    26  stm32f10x_rcc.o(i.RCC_APB2PeriphClockCmd)
    RCC_GetClocksFreq                        0x08003da1   Thumb Code   192  stm32f10x_rcc.o(i.RCC_GetClocksFreq)
    SysTick_CLKSourceConfig                  0x08003f5d   Thumb Code    40  misc.o(i.SysTick_CLKSourceConfig)
    SysTick_Handler                          0x08003f85   Thumb Code    16  delay.o(i.SysTick_Handler)
    SystemInit                               0x08003f95   Thumb Code    78  system_stm32f10x.o(i.SystemInit)
    TIM3_IRQHandler                          0x08003ff5   Thumb Code    30  timer.o(i.TIM3_IRQHandler)
    TIM3_Int_Init                            0x0800402d   Thumb Code    90  frtos.o(i.TIM3_Int_Init)
    TIM5_IRQHandler                          0x0800408d   Thumb Code    30  timer.o(i.TIM5_IRQHandler)
    TIM5_Int_Init                            0x080040c5   Thumb Code    90  frtos.o(i.TIM5_Int_Init)
    TIM_ClearITPendingBit                    0x08004125   Thumb Code     6  stm32f10x_tim.o(i.TIM_ClearITPendingBit)
    TIM_Cmd                                  0x0800412b   Thumb Code    24  stm32f10x_tim.o(i.TIM_Cmd)
    TIM_GetITStatus                          0x08004143   Thumb Code    34  stm32f10x_tim.o(i.TIM_GetITStatus)
    TIM_ITConfig                             0x08004165   Thumb Code    18  stm32f10x_tim.o(i.TIM_ITConfig)
    TIM_TimeBaseInit                         0x08004179   Thumb Code   122  stm32f10x_tim.o(i.TIM_TimeBaseInit)
    USART1_IRQHandler                        0x0800421d   Thumb Code   122  usart.o(i.USART1_IRQHandler)
    USART_Cmd                                0x080042a5   Thumb Code    24  stm32f10x_usart.o(i.USART_Cmd)
    USART_GetITStatus                        0x080042bd   Thumb Code    84  stm32f10x_usart.o(i.USART_GetITStatus)
    USART_ITConfig                           0x08004311   Thumb Code    74  stm32f10x_usart.o(i.USART_ITConfig)
    USART_Init                               0x0800435d   Thumb Code   210  stm32f10x_usart.o(i.USART_Init)
    USART_ReceiveData                        0x08004435   Thumb Code    10  stm32f10x_usart.o(i.USART_ReceiveData)
    UsageFault_Handler                       0x0800443f   Thumb Code     4  stm32f10x_it.o(i.UsageFault_Handler)
    _sys_exit                                0x08004443   Thumb Code     4  usart.o(i._sys_exit)
    delay_init                               0x08004449   Thumb Code    48  delay.o(i.delay_init)
    delay_ms                                 0x08004489   Thumb Code    62  delay.o(i.delay_ms)
    delay_us                                 0x080044cd   Thumb Code    72  delay.o(i.delay_us)
    delay_xms                                0x08004519   Thumb Code    24  delay.o(i.delay_xms)
    enter_main                               0x08004531   Thumb Code    86  frtos.o(i.enter_main)
    fputc                                    0x080045a5   Thumb Code    24  usart.o(i.fputc)
    interrupt_task                           0x080045c1   Thumb Code    78  frtos.o(i.interrupt_task)
    log_print                                0x08004645   Thumb Code    24  gki_log.o(i.log_print)
    main                                     0x08004669   Thumb Code    10  main.o(i.main)
    opt_delay                                0x08004673   Thumb Code    14  lcd.o(i.opt_delay)
    pvPortMalloc                             0x08005175   Thumb Code   262  heap_4.o(i.pvPortMalloc)
    pvTaskIncrementMutexHeldCount            0x080052c9   Thumb Code    26  tasks.o(i.pvTaskIncrementMutexHeldCount)
    pxPortInitialiseStack                    0x080052e9   Thumb Code    30  port.o(i.pxPortInitialiseStack)
    start_task                               0x0800530d   Thumb Code    42  frtos.o(i.start_task)
    uart_init                                0x08005355   Thumb Code   152  usart.o(i.uart_init)
    uxListRemove                             0x080053f5   Thumb Code    40  list.o(i.uxListRemove)
    vApplicationStackOverflowHook            0x0800541d   Thumb Code     2  frtos.o(i.vApplicationStackOverflowHook)
    vListInitialise                          0x0800541f   Thumb Code    26  list.o(i.vListInitialise)
    vListInitialiseItem                      0x08005439   Thumb Code     6  list.o(i.vListInitialiseItem)
    vListInsert                              0x0800543f   Thumb Code    52  list.o(i.vListInsert)
    vListInsertEnd                           0x08005473   Thumb Code    24  list.o(i.vListInsertEnd)
    vPortEnterCritical                       0x0800548d   Thumb Code    68  port.o(i.vPortEnterCritical)
    vPortExitCritical                        0x08005515   Thumb Code    48  port.o(i.vPortExitCritical)
    vPortFree                                0x08005585   Thumb Code   120  heap_4.o(i.vPortFree)
    vPortSetupTimerInterrupt                 0x0800563d   Thumb Code    26  port.o(i.vPortSetupTimerInterrupt)
    vPortValidateInterruptPriority           0x0800565d   Thumb Code    86  port.o(i.vPortValidateInterruptPriority)
    vQueueAddToRegistry                      0x080056fd   Thumb Code    38  queue.o(i.vQueueAddToRegistry)
    vQueueWaitForMessageRestricted           0x08005729   Thumb Code    74  queue.o(i.vQueueWaitForMessageRestricted)
    vTaskDelay                               0x08005775   Thumb Code    72  tasks.o(i.vTaskDelay)
    vTaskDelete                              0x080057e9   Thumb Code   192  tasks.o(i.vTaskDelete)
    vTaskMissedYield                         0x080058f5   Thumb Code     8  tasks.o(i.vTaskMissedYield)
    vTaskPlaceOnEventList                    0x08005901   Thumb Code    42  tasks.o(i.vTaskPlaceOnEventList)
    vTaskPlaceOnEventListRestricted          0x08005955   Thumb Code    50  tasks.o(i.vTaskPlaceOnEventListRestricted)
    vTaskPriorityInherit                     0x080059b1   Thumb Code   164  tasks.o(i.vTaskPriorityInherit)
    vTaskSetTimeOutState                     0x08005a61   Thumb Code    32  tasks.o(i.vTaskSetTimeOutState)
    vTaskStartScheduler                      0x08005aad   Thumb Code   108  tasks.o(i.vTaskStartScheduler)
    vTaskSuspendAll                          0x08005b59   Thumb Code    12  tasks.o(i.vTaskSuspendAll)
    vTaskSwitchContext                       0x08005b69   Thumb Code   138  tasks.o(i.vTaskSwitchContext)
    xPortStartScheduler                      0x08005c2d   Thumb Code   140  port.o(i.xPortStartScheduler)
    xPortSysTickHandler                      0x08005ccd   Thumb Code    46  port.o(i.xPortSysTickHandler)
    xQueueGenericCreate                      0x08005d01   Thumb Code    78  queue.o(i.xQueueGenericCreate)
    xQueueGenericReceive                     0x08005d75   Thumb Code   416  queue.o(i.xQueueGenericReceive)
    xQueueGenericReset                       0x08005f3d   Thumb Code   136  queue.o(i.xQueueGenericReset)
    xQueueGenericSend                        0x08005fed   Thumb Code   412  queue.o(i.xQueueGenericSend)
    xQueueGenericSendFromISR                 0x080061b1   Thumb Code   234  queue.o(i.xQueueGenericSendFromISR)
    xTaskCheckForTimeOut                     0x080062c1   Thumb Code   116  tasks.o(i.xTaskCheckForTimeOut)
    xTaskCreate                              0x08006361   Thumb Code    96  tasks.o(i.xTaskCreate)
    xTaskGetSchedulerState                   0x080063c1   Thumb Code    24  tasks.o(i.xTaskGetSchedulerState)
    xTaskGetTickCount                        0x080063e1   Thumb Code     6  tasks.o(i.xTaskGetTickCount)
    xTaskIncrementTick                       0x080063ed   Thumb Code   272  tasks.o(i.xTaskIncrementTick)
    xTaskPriorityDisinherit                  0x0800654d   Thumb Code   168  tasks.o(i.xTaskPriorityDisinherit)
    xTaskRemoveFromEventList                 0x08006625   Thumb Code   118  tasks.o(i.xTaskRemoveFromEventList)
    xTaskResumeAll                           0x080066d9   Thumb Code   214  tasks.o(i.xTaskResumeAll)
    xTimerCreateTimerTask                    0x080067f9   Thumb Code    56  timers.o(i.xTimerCreateTimerTask)
    xTimerGenericCommand                     0x0800686d   Thumb Code   118  timers.o(i.xTimerGenericCommand)
    __aeabi_d2uiz                            0x08006911   Thumb Code     0  dfixu.o(x$fpl$dfixu)
    _dfixu                                   0x08006911   Thumb Code    90  dfixu.o(x$fpl$dfixu)
    __aeabi_ui2d                             0x0800696b   Thumb Code     0  dflt_clz.o(x$fpl$dfltu)
    _dfltu                                   0x0800696b   Thumb Code    38  dflt_clz.o(x$fpl$dfltu)
    __aeabi_dmul                             0x08006991   Thumb Code     0  dmul.o(x$fpl$dmul)
    _dmul                                    0x08006991   Thumb Code   332  dmul.o(x$fpl$dmul)
    __fpl_dnaninf                            0x08006ae5   Thumb Code   156  dnaninf.o(x$fpl$dnaninf)
    __fpl_dretinf                            0x08006b81   Thumb Code    12  dretinf.o(x$fpl$dretinf)
    __I$use$fp                               0x08006b8c   Number         0  usenofp.o(x$fpl$usenofp)
    Region$$Table$$Base                      0x08006bb4   Number         0  anon$$obj.o(Region$$Table)
    Region$$Table$$Limit                     0x08006bd4   Number         0  anon$$obj.o(Region$$Table)
    SystemCoreClock                          0x20000000   Data           4  system_stm32f10x.o(.data)
    AHBPrescTable                            0x20000004   Data          16  system_stm32f10x.o(.data)
    StartTask_Handler                        0x20000014   Data           4  frtos.o(.data)
    INTERRUPTTask_Handler                    0x20000018   Data           4  frtos.o(.data)
    LED0Task_Handler                         0x2000001c   Data           4  frtos.o(.data)
    LED1Task_Handler                         0x20000020   Data           4  frtos.o(.data)
    __stdout                                 0x2000002c   Data           4  usart.o(.data)
    USART_RX_STA                             0x20000030   Data           2  usart.o(.data)
    pxCurrentTCB                             0x20000048   Data           4  tasks.o(.data)
    USART_RX_BUF                             0x200000bc   Data         200  usart.o(.bss)
    lcddev                                   0x20000184   Data          14  lcd.o(.bss)
    xQueueRegistry                           0x20000194   Data          64  queue.o(.bss)
    __libspace_start                         0x200054e0   Data          96  libspace.o(.bss)
    __temporary_stack_top$libspace           0x20005540   Data           0  libspace.o(.bss)



==============================================================================

Memory Map of the image

  Image Entry point : 0x08000131

  Load Region LR_IROM1 (Base: 0x08000000, Size: 0x00006c90, Max: 0x00040000, ABSOLUTE)

    Execution Region ER_IROM1 (Base: 0x08000000, Size: 0x00006bd4, Max: 0x00040000, ABSOLUTE)

    Base Addr    Size         Type   Attr      Idx    E Section Name        Object

    0x08000000   0x00000130   Data   RO          341    RESET               startup_stm32f10x_hd.o
    0x08000130   0x00000008   Code   RO         2909  * !!!main             c_w.l(__main.o)
    0x08000138   0x00000034   Code   RO         3104    !!!scatter          c_w.l(__scatter.o)
    0x0800016c   0x0000001a   Code   RO         3106    !!handler_copy      c_w.l(__scatter_copy.o)
    0x08000186   0x00000002   PAD
    0x08000188   0x0000001c   Code   RO         3108    !!handler_zi        c_w.l(__scatter_zi.o)
    0x080001a4   0x00000000   Code   RO         2898    .ARM.Collect$$_printf_percent$$00000000  c_w.l(_printf_percent.o)
    0x080001a4   0x00000006   Code   RO         2896    .ARM.Collect$$_printf_percent$$00000009  c_w.l(_printf_d.o)
    0x080001aa   0x00000006   Code   RO         2895    .ARM.Collect$$_printf_percent$$0000000C  c_w.l(_printf_x.o)
    0x080001b0   0x00000006   Code   RO         2894    .ARM.Collect$$_printf_percent$$00000014  c_w.l(_printf_s.o)
    0x080001b6   0x00000004   Code   RO         2936    .ARM.Collect$$_printf_percent$$00000017  c_w.l(_printf_percent_end.o)
    0x080001ba   0x00000002   Code   RO         2978    .ARM.Collect$$libinit$$00000000  c_w.l(libinit.o)
    0x080001bc   0x00000000   Code   RO         2985    .ARM.Collect$$libinit$$00000002  c_w.l(libinit2.o)
    0x080001bc   0x00000000   Code   RO         2987    .ARM.Collect$$libinit$$00000004  c_w.l(libinit2.o)
    0x080001bc   0x00000000   Code   RO         2990    .ARM.Collect$$libinit$$0000000A  c_w.l(libinit2.o)
    0x080001bc   0x00000000   Code   RO         2992    .ARM.Collect$$libinit$$0000000C  c_w.l(libinit2.o)
    0x080001bc   0x00000000   Code   RO         2994    .ARM.Collect$$libinit$$0000000E  c_w.l(libinit2.o)
    0x080001bc   0x00000000   Code   RO         2997    .ARM.Collect$$libinit$$00000011  c_w.l(libinit2.o)
    0x080001bc   0x00000000   Code   RO         2999    .ARM.Collect$$libinit$$00000013  c_w.l(libinit2.o)
    0x080001bc   0x00000000   Code   RO         3001    .ARM.Collect$$libinit$$00000015  c_w.l(libinit2.o)
    0x080001bc   0x00000000   Code   RO         3003    .ARM.Collect$$libinit$$00000017  c_w.l(libinit2.o)
    0x080001bc   0x00000000   Code   RO         3005    .ARM.Collect$$libinit$$00000019  c_w.l(libinit2.o)
    0x080001bc   0x00000000   Code   RO         3007    .ARM.Collect$$libinit$$0000001B  c_w.l(libinit2.o)
    0x080001bc   0x00000000   Code   RO         3009    .ARM.Collect$$libinit$$0000001D  c_w.l(libinit2.o)
    0x080001bc   0x00000000   Code   RO         3011    .ARM.Collect$$libinit$$0000001F  c_w.l(libinit2.o)
    0x080001bc   0x00000000   Code   RO         3013    .ARM.Collect$$libinit$$00000021  c_w.l(libinit2.o)
    0x080001bc   0x00000000   Code   RO         3015    .ARM.Collect$$libinit$$00000023  c_w.l(libinit2.o)
    0x080001bc   0x00000000   Code   RO         3017    .ARM.Collect$$libinit$$00000025  c_w.l(libinit2.o)
    0x080001bc   0x00000000   Code   RO         3021    .ARM.Collect$$libinit$$0000002C  c_w.l(libinit2.o)
    0x080001bc   0x00000000   Code   RO         3023    .ARM.Collect$$libinit$$0000002E  c_w.l(libinit2.o)
    0x080001bc   0x00000000   Code   RO         3025    .ARM.Collect$$libinit$$00000030  c_w.l(libinit2.o)
    0x080001bc   0x00000000   Code   RO         3027    .ARM.Collect$$libinit$$00000032  c_w.l(libinit2.o)
    0x080001bc   0x00000002   Code   RO         3028    .ARM.Collect$$libinit$$00000033  c_w.l(libinit2.o)
    0x080001be   0x00000002   Code   RO         3046    .ARM.Collect$$libshutdown$$00000000  c_w.l(libshutdown.o)
    0x080001c0   0x00000000   Code   RO         3056    .ARM.Collect$$libshutdown$$00000002  c_w.l(libshutdown2.o)
    0x080001c0   0x00000000   Code   RO         3058    .ARM.Collect$$libshutdown$$00000004  c_w.l(libshutdown2.o)
    0x080001c0   0x00000000   Code   RO         3061    .ARM.Collect$$libshutdown$$00000007  c_w.l(libshutdown2.o)
    0x080001c0   0x00000000   Code   RO         3064    .ARM.Collect$$libshutdown$$0000000A  c_w.l(libshutdown2.o)
    0x080001c0   0x00000000   Code   RO         3066    .ARM.Collect$$libshutdown$$0000000C  c_w.l(libshutdown2.o)
    0x080001c0   0x00000000   Code   RO         3069    .ARM.Collect$$libshutdown$$0000000F  c_w.l(libshutdown2.o)
    0x080001c0   0x00000002   Code   RO         3070    .ARM.Collect$$libshutdown$$00000010  c_w.l(libshutdown2.o)
    0x080001c2   0x00000000   Code   RO         2925    .ARM.Collect$$rtentry$$00000000  c_w.l(__rtentry.o)
    0x080001c2   0x00000000   Code   RO         2947    .ARM.Collect$$rtentry$$00000002  c_w.l(__rtentry2.o)
    0x080001c2   0x00000006   Code   RO         2959    .ARM.Collect$$rtentry$$00000004  c_w.l(__rtentry4.o)
    0x080001c8   0x00000000   Code   RO         2949    .ARM.Collect$$rtentry$$00000009  c_w.l(__rtentry2.o)
    0x080001c8   0x00000004   Code   RO         2950    .ARM.Collect$$rtentry$$0000000A  c_w.l(__rtentry2.o)
    0x080001cc   0x00000000   Code   RO         2952    .ARM.Collect$$rtentry$$0000000C  c_w.l(__rtentry2.o)
    0x080001cc   0x00000008   Code   RO         2953    .ARM.Collect$$rtentry$$0000000D  c_w.l(__rtentry2.o)
    0x080001d4   0x00000002   Code   RO         2982    .ARM.Collect$$rtexit$$00000000  c_w.l(rtexit.o)
    0x080001d6   0x00000000   Code   RO         3030    .ARM.Collect$$rtexit$$00000002  c_w.l(rtexit2.o)
    0x080001d6   0x00000004   Code   RO         3031    .ARM.Collect$$rtexit$$00000003  c_w.l(rtexit2.o)
    0x080001da   0x00000006   Code   RO         3032    .ARM.Collect$$rtexit$$00000004  c_w.l(rtexit2.o)
    0x080001e0   0x00000096   Code   RO         2738    .emb_text           port.o
    0x08000276   0x00000002   PAD
    0x08000278   0x00000040   Code   RO          342    .text               startup_stm32f10x_hd.o
    0x080002b8   0x00000002   Code   RO         2836    .text               c_w.l(use_no_semi_2.o)
    0x080002ba   0x00000002   PAD
    0x080002bc   0x00000018   Code   RO         2842    .text               c_w.l(noretval__2printf.o)
    0x080002d4   0x00000068   Code   RO         2846    .text               c_w.l(__printf.o)
    0x0800033c   0x00000052   Code   RO         2848    .text               c_w.l(_printf_str.o)
    0x0800038e   0x00000002   PAD
    0x08000390   0x00000078   Code   RO         2850    .text               c_w.l(_printf_dec.o)
    0x08000408   0x00000058   Code   RO         2855    .text               c_w.l(_printf_hex_int.o)
    0x08000460   0x0000008a   Code   RO         2903    .text               c_w.l(rt_memcpy_v6.o)
    0x080004ea   0x00000010   Code   RO         2905    .text               c_w.l(aeabi_memset.o)
    0x080004fa   0x00000006   Code   RO         2907    .text               c_w.l(heapauxi.o)
    0x08000500   0x00000002   Code   RO         2923    .text               c_w.l(use_no_semi.o)
    0x08000502   0x000000b2   Code   RO         2926    .text               c_w.l(_printf_intcommon.o)
    0x080005b4   0x00000030   Code   RO         2928    .text               c_w.l(_printf_char_common.o)
    0x080005e4   0x0000002c   Code   RO         2932    .text               c_w.l(_printf_char.o)
    0x08000610   0x00000024   Code   RO         2934    .text               c_w.l(_printf_char_file.o)
    0x08000634   0x00000064   Code   RO         2937    .text               c_w.l(rt_memcpy_w.o)
    0x08000698   0x00000044   Code   RO         2939    .text               c_w.l(rt_memclr.o)
    0x080006dc   0x00000008   Code   RO         2963    .text               c_w.l(ferror.o)
    0x080006e4   0x0000004e   Code   RO         2967    .text               c_w.l(rt_memclr_w.o)
    0x08000732   0x0000004a   Code   RO         2969    .text               c_w.l(sys_stackheap_outer.o)
    0x0800077c   0x00000012   Code   RO         2971    .text               c_w.l(exit.o)
    0x0800078e   0x00000002   PAD
    0x08000790   0x00000008   Code   RO         2979    .text               c_w.l(libspace.o)
    0x08000798   0x00000004   Code   RO          148    i.BusFault_Handler  stm32f10x_it.o
    0x0800079c   0x00000002   Code   RO          149    i.DebugMon_Handler  stm32f10x_it.o
    0x0800079e   0x00000116   Code   RO          897    i.GPIO_Init         stm32f10x_gpio.o
    0x080008b4   0x00000090   Code   RO          899    i.GPIO_PinRemapConfig  stm32f10x_gpio.o
    0x08000944   0x00000004   Code   RO          905    i.GPIO_SetBits      stm32f10x_gpio.o
    0x08000948   0x00000004   Code   RO          150    i.HardFault_Handler  stm32f10x_it.o
    0x0800094c   0x0000004c   Code   RO          502    i.LCD_Clear         lcd.o
    0x08000998   0x00000024   Code   RO          505    i.LCD_DisplayOn     lcd.o
    0x080009bc   0x00000130   Code   RO          506    i.LCD_Display_Dir   lcd.o
    0x08000aec   0x00002960   Code   RO          513    i.LCD_Init          lcd.o
    0x0800344c   0x00000060   Code   RO          515    i.LCD_RD_DATA       lcd.o
    0x080034ac   0x000000d4   Code   RO          518    i.LCD_SSD_BackLightSet  lcd.o
    0x08003580   0x000003a0   Code   RO          519    i.LCD_Scan_Dir      lcd.o
    0x08003920   0x000002dc   Code   RO          520    i.LCD_SetCursor     lcd.o
    0x08003bfc   0x00000024   Code   RO          526    i.LCD_WR_DATAX      lcd.o
    0x08003c20   0x00000024   Code   RO          527    i.LCD_WR_REG        lcd.o
    0x08003c44   0x00000010   Code   RO          529    i.LCD_WriteRAM_Prepare  lcd.o
    0x08003c54   0x00000030   Code   RO          530    i.LCD_WriteReg      lcd.o
    0x08003c84   0x00000050   Code   RO          465    i.LED_Init          led.o
    0x08003cd4   0x00000004   Code   RO          151    i.MemManage_Handler  stm32f10x_it.o
    0x08003cd8   0x00000002   Code   RO          152    i.NMI_Handler       stm32f10x_it.o
    0x08003cda   0x00000002   PAD
    0x08003cdc   0x00000070   Code   RO         1205    i.NVIC_Init         misc.o
    0x08003d4c   0x00000014   Code   RO         1206    i.NVIC_PriorityGroupConfig  misc.o
    0x08003d60   0x00000020   Code   RO         1007    i.RCC_APB1PeriphClockCmd  stm32f10x_rcc.o
    0x08003d80   0x00000020   Code   RO         1009    i.RCC_APB2PeriphClockCmd  stm32f10x_rcc.o
    0x08003da0   0x000000d4   Code   RO         1017    i.RCC_GetClocksFreq  stm32f10x_rcc.o
    0x08003e74   0x00000008   Code   RO          219    i.SetSysClock       system_stm32f10x.o
    0x08003e7c   0x000000e0   Code   RO          220    i.SetSysClockTo72   system_stm32f10x.o
    0x08003f5c   0x00000028   Code   RO         1209    i.SysTick_CLKSourceConfig  misc.o
    0x08003f84   0x00000010   Code   RO          346    i.SysTick_Handler   delay.o
    0x08003f94   0x00000060   Code   RO          222    i.SystemInit        system_stm32f10x.o
    0x08003ff4   0x00000038   Code   RO          480    i.TIM3_IRQHandler   timer.o
    0x0800402c   0x00000060   Code   RO          253    i.TIM3_Int_Init     frtos.o
    0x0800408c   0x00000038   Code   RO          481    i.TIM5_IRQHandler   timer.o
    0x080040c4   0x00000060   Code   RO          254    i.TIM5_Int_Init     frtos.o
    0x08004124   0x00000006   Code   RO         1252    i.TIM_ClearITPendingBit  stm32f10x_tim.o
    0x0800412a   0x00000018   Code   RO         1257    i.TIM_Cmd           stm32f10x_tim.o
    0x08004142   0x00000022   Code   RO         1278    i.TIM_GetITStatus   stm32f10x_tim.o
    0x08004164   0x00000012   Code   RO         1282    i.TIM_ITConfig      stm32f10x_tim.o
    0x08004176   0x00000002   PAD
    0x08004178   0x000000a4   Code   RO         1328    i.TIM_TimeBaseInit  stm32f10x_tim.o
    0x0800421c   0x00000088   Code   RO          418    i.USART1_IRQHandler  usart.o
    0x080042a4   0x00000018   Code   RO          715    i.USART_Cmd         stm32f10x_usart.o
    0x080042bc   0x00000054   Code   RO          719    i.USART_GetITStatus  stm32f10x_usart.o
    0x08004310   0x0000004a   Code   RO          721    i.USART_ITConfig    stm32f10x_usart.o
    0x0800435a   0x00000002   PAD
    0x0800435c   0x000000d8   Code   RO          722    i.USART_Init        stm32f10x_usart.o
    0x08004434   0x0000000a   Code   RO          729    i.USART_ReceiveData  stm32f10x_usart.o
    0x0800443e   0x00000004   Code   RO          153    i.UsageFault_Handler  stm32f10x_it.o
    0x08004442   0x00000004   Code   RO          419    i._sys_exit         usart.o
    0x08004446   0x00000002   PAD
    0x08004448   0x00000040   Code   RO          347    i.delay_init        delay.o
    0x08004488   0x00000044   Code   RO          348    i.delay_ms          delay.o
    0x080044cc   0x0000004c   Code   RO          349    i.delay_us          delay.o
    0x08004518   0x00000018   Code   RO          350    i.delay_xms         delay.o
    0x08004530   0x00000074   Code   RO          255    i.enter_main        frtos.o
    0x080045a4   0x0000001c   Code   RO          420    i.fputc             usart.o
    0x080045c0   0x00000084   Code   RO          256    i.interrupt_task    frtos.o
    0x08004644   0x00000024   Code   RO         2815    i.log_print         gki_log.o
    0x08004668   0x0000000a   Code   RO            1    i.main              main.o
    0x08004672   0x0000000e   Code   RO          531    i.opt_delay         lcd.o
    0x08004680   0x00000098   Code   RO         2199    i.prvAddCurrentTaskToDelayedList  tasks.o
    0x08004718   0x000000b8   Code   RO         2200    i.prvAddNewTaskToReadyList  tasks.o
    0x080047d0   0x00000064   Code   RO         2559    i.prvCheckForValidListAndQueue  timers.o
    0x08004834   0x00000064   Code   RO         2201    i.prvCheckTasksWaitingTermination  tasks.o
    0x08004898   0x0000002a   Code   RO         1963    i.prvCopyDataFromQueue  queue.o
    0x080048c2   0x0000007c   Code   RO         1964    i.prvCopyDataToQueue  queue.o
    0x0800493e   0x00000012   Code   RO         2202    i.prvDeleteTCB      tasks.o
    0x08004950   0x00000028   Code   RO         2560    i.prvGetNextExpireTime  timers.o
    0x08004978   0x0000007c   Code   RO         2689    i.prvHeapInit       heap_4.o
    0x080049f4   0x00000028   Code   RO         2203    i.prvIdleTask       tasks.o
    0x08004a1c   0x0000002e   Code   RO         1966    i.prvInitialiseNewQueue  queue.o
    0x08004a4a   0x00000002   PAD
    0x08004a4c   0x000000d0   Code   RO         2204    i.prvInitialiseNewTask  tasks.o
    0x08004b1c   0x00000068   Code   RO         2205    i.prvInitialiseTaskLists  tasks.o
    0x08004b84   0x00000068   Code   RO         2690    i.prvInsertBlockIntoFreeList  heap_4.o
    0x08004bec   0x00000058   Code   RO         2562    i.prvInsertTimerInActiveList  timers.o
    0x08004c44   0x0000001a   Code   RO         1967    i.prvIsQueueEmpty   queue.o
    0x08004c5e   0x0000001e   Code   RO         1968    i.prvIsQueueFull    queue.o
    0x08004c7c   0x000000a0   Code   RO         1969    i.prvNotifyQueueSetContainer  queue.o
    0x08004d1c   0x00000080   Code   RO         2563    i.prvProcessExpiredTimer  timers.o
    0x08004d9c   0x0000012c   Code   RO         2564    i.prvProcessReceivedCommands  timers.o
    0x08004ec8   0x00000074   Code   RO         2565    i.prvProcessTimerOrBlockTask  timers.o
    0x08004f3c   0x00000034   Code   RO         2207    i.prvResetNextTaskUnblockTime  tasks.o
    0x08004f70   0x0000002c   Code   RO         2566    i.prvSampleTimeNow  timers.o
    0x08004f9c   0x000000bc   Code   RO         2567    i.prvSwitchTimerLists  timers.o
    0x08005058   0x00000070   Code   RO         2739    i.prvTaskExitError  port.o
    0x080050c8   0x0000001a   Code   RO         2568    i.prvTimerTask      timers.o
    0x080050e2   0x00000092   Code   RO         1970    i.prvUnlockQueue    queue.o
    0x08005174   0x00000154   Code   RO         2691    i.pvPortMalloc      heap_4.o
    0x080052c8   0x00000020   Code   RO         2211    i.pvTaskIncrementMutexHeldCount  tasks.o
    0x080052e8   0x00000024   Code   RO         2740    i.pxPortInitialiseStack  port.o
    0x0800530c   0x00000048   Code   RO          259    i.start_task        frtos.o
    0x08005354   0x000000a0   Code   RO          421    i.uart_init         usart.o
    0x080053f4   0x00000028   Code   RO         1926    i.uxListRemove      list.o
    0x0800541c   0x00000002   Code   RO          260    i.vApplicationStackOverflowHook  frtos.o
    0x0800541e   0x0000001a   Code   RO         1927    i.vListInitialise   list.o
    0x08005438   0x00000006   Code   RO         1928    i.vListInitialiseItem  list.o
    0x0800543e   0x00000034   Code   RO         1929    i.vListInsert       list.o
    0x08005472   0x00000018   Code   RO         1930    i.vListInsertEnd    list.o
    0x0800548a   0x00000002   PAD
    0x0800548c   0x00000088   Code   RO         2742    i.vPortEnterCritical  port.o
    0x08005514   0x00000070   Code   RO         2743    i.vPortExitCritical  port.o
    0x08005584   0x000000b8   Code   RO         2692    i.vPortFree         heap_4.o
    0x0800563c   0x00000020   Code   RO         2744    i.vPortSetupTimerInterrupt  port.o
    0x0800565c   0x000000a0   Code   RO         2745    i.vPortValidateInterruptPriority  port.o
    0x080056fc   0x0000002c   Code   RO         1976    i.vQueueAddToRegistry  queue.o
    0x08005728   0x0000004a   Code   RO         1980    i.vQueueWaitForMessageRestricted  queue.o
    0x08005772   0x00000002   PAD
    0x08005774   0x00000074   Code   RO         2219    i.vTaskDelay        tasks.o
    0x080057e8   0x0000010c   Code   RO         2221    i.vTaskDelete       tasks.o
    0x080058f4   0x0000000c   Code   RO         2225    i.vTaskMissedYield  tasks.o
    0x08005900   0x00000054   Code   RO         2227    i.vTaskPlaceOnEventList  tasks.o
    0x08005954   0x0000005c   Code   RO         2228    i.vTaskPlaceOnEventListRestricted  tasks.o
    0x080059b0   0x000000b0   Code   RO         2230    i.vTaskPriorityInherit  tasks.o
    0x08005a60   0x0000004c   Code   RO         2234    i.vTaskSetTimeOutState  tasks.o
    0x08005aac   0x000000ac   Code   RO         2235    i.vTaskStartScheduler  tasks.o
    0x08005b58   0x00000010   Code   RO         2237    i.vTaskSuspendAll   tasks.o
    0x08005b68   0x000000c4   Code   RO         2238    i.vTaskSwitchContext  tasks.o
    0x08005c2c   0x000000a0   Code   RO         2746    i.xPortStartScheduler  port.o
    0x08005ccc   0x00000034   Code   RO         2747    i.xPortSysTickHandler  port.o
    0x08005d00   0x00000074   Code   RO         1985    i.xQueueGenericCreate  queue.o
    0x08005d74   0x000001c8   Code   RO         1986    i.xQueueGenericReceive  queue.o
    0x08005f3c   0x000000b0   Code   RO         1987    i.xQueueGenericReset  queue.o
    0x08005fec   0x000001c4   Code   RO         1988    i.xQueueGenericSend  queue.o
    0x080061b0   0x00000110   Code   RO         1989    i.xQueueGenericSendFromISR  queue.o
    0x080062c0   0x000000a0   Code   RO         2239    i.xTaskCheckForTimeOut  tasks.o
    0x08006360   0x00000060   Code   RO         2240    i.xTaskCreate       tasks.o
    0x080063c0   0x00000020   Code   RO         2244    i.xTaskGetSchedulerState  tasks.o
    0x080063e0   0x0000000c   Code   RO         2245    i.xTaskGetTickCount  tasks.o
    0x080063ec   0x00000160   Code   RO         2247    i.xTaskIncrementTick  tasks.o
    0x0800654c   0x000000d8   Code   RO         2250    i.xTaskPriorityDisinherit  tasks.o
    0x08006624   0x000000b4   Code   RO         2251    i.xTaskRemoveFromEventList  tasks.o
    0x080066d8   0x00000120   Code   RO         2253    i.xTaskResumeAll    tasks.o
    0x080067f8   0x00000074   Code   RO         2572    i.xTimerCreateTimerTask  timers.o
    0x0800686c   0x000000a4   Code   RO         2573    i.xTimerGenericCommand  timers.o
    0x08006910   0x0000005a   Code   RO         2911    x$fpl$dfixu         fz_ws.l(dfixu.o)
    0x0800696a   0x00000026   Code   RO         2915    x$fpl$dfltu         fz_ws.l(dflt_clz.o)
    0x08006990   0x00000154   Code   RO         2921    x$fpl$dmul          fz_ws.l(dmul.o)
    0x08006ae4   0x0000009c   Code   RO         2941    x$fpl$dnaninf       fz_ws.l(dnaninf.o)
    0x08006b80   0x0000000c   Code   RO         2943    x$fpl$dretinf       fz_ws.l(dretinf.o)
    0x08006b8c   0x00000000   Code   RO         2945    x$fpl$usenofp       fz_ws.l(usenofp.o)
    0x08006b8c   0x00000028   Data   RO         2856    .constdata          c_w.l(_printf_hex_int.o)
    0x08006bb4   0x00000020   Data   RO         3102    Region$$Table       anon$$obj.o


    Execution Region RW_IRAM1 (Base: 0x20000000, Size: 0x00005b40, Max: 0x0000c000, ABSOLUTE)

    Base Addr    Size         Type   Attr      Idx    E Section Name        Object

    0x20000000   0x00000014   Data   RW          223    .data               system_stm32f10x.o
    0x20000014   0x00000014   Data   RW          261    .data               frtos.o
    0x20000028   0x00000004   Data   RW          351    .data               delay.o
    0x2000002c   0x00000006   Data   RW          423    .data               usart.o
    0x20000032   0x00000014   Data   RW         1037    .data               stm32f10x_rcc.o
    0x20000046   0x00000002   PAD
    0x20000048   0x0000003c   Data   RW         2256    .data               tasks.o
    0x20000084   0x00000014   Data   RW         2581    .data               timers.o
    0x20000098   0x00000018   Data   RW         2697    .data               heap_4.o
    0x200000b0   0x0000000c   Data   RW         2748    .data               port.o
    0x200000bc   0x000000c8   Zero   RW          422    .bss                usart.o
    0x20000184   0x0000000e   Zero   RW          532    .bss                lcd.o
    0x20000192   0x00000002   PAD
    0x20000194   0x00000040   Zero   RW         2000    .bss                queue.o
    0x200001d4   0x000002e4   Zero   RW         2255    .bss                tasks.o
    0x200004b8   0x00000028   Zero   RW         2580    .bss                timers.o
    0x200004e0   0x00005000   Zero   RW         2696    .bss                heap_4.o
    0x200054e0   0x00000060   Zero   RW         2980    .bss                c_w.l(libspace.o)
    0x20005540   0x00000200   Zero   RW          340    HEAP                startup_stm32f10x_hd.o
    0x20005740   0x00000400   Zero   RW          339    STACK               startup_stm32f10x_hd.o


==============================================================================

Image component sizes


      Code (inc. data)   RO Data    RW Data    ZI Data      Debug   Object Name

         0          0          0          0          0         32   core_cm3.o
         0          0          0          0          0       7424   croutine.o
       248         26          0          4          0       2405   delay.o
         0          0          0          0          0      10220   event_groups.o
       514        126          0         20          0       8815   frtos.o
        36         12          0          0          0        896   gki_log.o
       752        176          0         24      20480       3567   heap_4.o
     13126        178          0          0         14      17217   lcd.o
        80          8          0          0          0        447   led.o
       148          0          0          0          0       2762   list.o
        10          0          0          0          0     257447   main.o
       172         22          0          0          0       1841   misc.o
       950        320          0         12          0       9745   port.o
      2164        238          0          0         64      14553   queue.o
        64         26        304          0       1536        752   startup_stm32f10x_hd.o
       426          6          0          0          0       3125   stm32f10x_gpio.o
        20          0          0          0          0       2273   stm32f10x_it.o
       276         32          0         20          0       4174   stm32f10x_rcc.o
       246         42          0          0          0       3238   stm32f10x_tim.o
       408          6          0          0          0       4690   stm32f10x_usart.o
       328         28          0         20          0       1901   system_stm32f10x.o
      3434        878          0         60        740      27139   tasks.o
       112         52          0          0          0        844   timer.o
      1310        312          0         20         40       7847   timers.o
       328         26          0          6        200       3832   usart.o

    ----------------------------------------------------------------------
     25168       2514        336        188      23076     397186   Object Totals
         0          0         32          0          0          0   (incl. Generated)
        16          0          0          2          2          0   (incl. Padding)

    ----------------------------------------------------------------------

      Code (inc. data)   RO Data    RW Data    ZI Data      Debug   Library Member Name

         8          0          0          0          0         68   __main.o
       104          0          0          0          0         84   __printf.o
         0          0          0          0          0          0   __rtentry.o
        12          0          0          0          0          0   __rtentry2.o
         6          0          0          0          0          0   __rtentry4.o
        52          8          0          0          0          0   __scatter.o
        26          0          0          0          0          0   __scatter_copy.o
        28          0          0          0          0          0   __scatter_zi.o
        44          0          0          0          0        108   _printf_char.o
        48          6          0          0          0         96   _printf_char_common.o
        36          4          0          0          0         80   _printf_char_file.o
         6          0          0          0          0          0   _printf_d.o
       120         16          0          0          0         92   _printf_dec.o
        88          4         40          0          0         88   _printf_hex_int.o
       178          0          0          0          0         88   _printf_intcommon.o
         0          0          0          0          0          0   _printf_percent.o
         4          0          0          0          0          0   _printf_percent_end.o
         6          0          0          0          0          0   _printf_s.o
        82          0          0          0          0         80   _printf_str.o
         6          0          0          0          0          0   _printf_x.o
        16          0          0          0          0         68   aeabi_memset.o
        18          0          0          0          0         80   exit.o
         8          0          0          0          0         68   ferror.o
         6          0          0          0          0        152   heapauxi.o
         2          0          0          0          0          0   libinit.o
         2          0          0          0          0          0   libinit2.o
         2          0          0          0          0          0   libshutdown.o
         2          0          0          0          0          0   libshutdown2.o
         8          4          0          0         96         68   libspace.o
        24          4          0          0          0         84   noretval__2printf.o
        68          0          0          0          0         68   rt_memclr.o
        78          0          0          0          0         80   rt_memclr_w.o
       138          0          0          0          0         68   rt_memcpy_v6.o
       100          0          0          0          0         80   rt_memcpy_w.o
         2          0          0          0          0          0   rtexit.o
        10          0          0          0          0          0   rtexit2.o
        74          0          0          0          0         80   sys_stackheap_outer.o
         2          0          0          0          0         68   use_no_semi.o
         2          0          0          0          0         68   use_no_semi_2.o
        90          4          0          0          0         92   dfixu.o
        38          0          0          0          0         68   dflt_clz.o
       340         12          0          0          0        104   dmul.o
       156          4          0          0          0         92   dnaninf.o
        12          0          0          0          0         68   dretinf.o
         0          0          0          0          0          0   usenofp.o

    ----------------------------------------------------------------------
      2060         66         40          0         96       2240   Library Totals
         8          0          0          0          0          0   (incl. Padding)

    ----------------------------------------------------------------------

      Code (inc. data)   RO Data    RW Data    ZI Data      Debug   Library Name

      1416         46         40          0         96       1816   c_w.l
       636         20          0          0          0        424   fz_ws.l

    ----------------------------------------------------------------------
      2060         66         40          0         96       2240   Library Totals

    ----------------------------------------------------------------------

==============================================================================


      Code (inc. data)   RO Data    RW Data    ZI Data      Debug   

     27228       2580        376        188      23172     391674   Grand Totals
     27228       2580        376        188      23172     391674   ELF Image Totals
     27228       2580        376        188          0          0   ROM Totals

==============================================================================

    Total RO  Size (Code + RO Data)                27604 (  26.96kB)
    Total RW  Size (RW Data + ZI Data)             23360 (  22.81kB)
    Total ROM Size (Code + RO Data + RW Data)      27792 (  27.14kB)

==============================================================================

